Archive member included to satisfy reference by file (symbol)

C:/ST/STM32CubeIDE_1.14.0/STM32CubeIDE/plugins/com.st.stm32cube.ide.mcu.externaltools.gnu-tools-for-stm32.11.3.rel1.win32_1.1.100.202309141235/tools/bin/../lib/gcc/arm-none-eabi/11.3.1/../../../../arm-none-eabi/lib/thumb/v7e-m/nofp\libc_nano.a(libc_a-exit.o)
                              C:/ST/STM32CubeIDE_1.14.0/STM32CubeIDE/plugins/com.st.stm32cube.ide.mcu.externaltools.gnu-tools-for-stm32.11.3.rel1.win32_1.1.100.202309141235/tools/bin/../lib/gcc/arm-none-eabi/11.3.1/../../../../arm-none-eabi/lib/thumb/v7e-m/nofp/crt0.o (exit)
C:/ST/STM32CubeIDE_1.14.0/STM32CubeIDE/plugins/com.st.stm32cube.ide.mcu.externaltools.gnu-tools-for-stm32.11.3.rel1.win32_1.1.100.202309141235/tools/bin/../lib/gcc/arm-none-eabi/11.3.1/../../../../arm-none-eabi/lib/thumb/v7e-m/nofp\libc_nano.a(libc_a-findfp.o)
                              C:/ST/STM32CubeIDE_1.14.0/STM32CubeIDE/plugins/com.st.stm32cube.ide.mcu.externaltools.gnu-tools-for-stm32.11.3.rel1.win32_1.1.100.202309141235/tools/bin/../lib/gcc/arm-none-eabi/11.3.1/../../../../arm-none-eabi/lib/thumb/v7e-m/nofp\libc_nano.a(libc_a-exit.o) (__stdio_exit_handler)
C:/ST/STM32CubeIDE_1.14.0/STM32CubeIDE/plugins/com.st.stm32cube.ide.mcu.externaltools.gnu-tools-for-stm32.11.3.rel1.win32_1.1.100.202309141235/tools/bin/../lib/gcc/arm-none-eabi/11.3.1/../../../../arm-none-eabi/lib/thumb/v7e-m/nofp\libc_nano.a(libc_a-fwalk.o)
                              C:/ST/STM32CubeIDE_1.14.0/STM32CubeIDE/plugins/com.st.stm32cube.ide.mcu.externaltools.gnu-tools-for-stm32.11.3.rel1.win32_1.1.100.202309141235/tools/bin/../lib/gcc/arm-none-eabi/11.3.1/../../../../arm-none-eabi/lib/thumb/v7e-m/nofp\libc_nano.a(libc_a-findfp.o) (_fwalk_sglue)
C:/ST/STM32CubeIDE_1.14.0/STM32CubeIDE/plugins/com.st.stm32cube.ide.mcu.externaltools.gnu-tools-for-stm32.11.3.rel1.win32_1.1.100.202309141235/tools/bin/../lib/gcc/arm-none-eabi/11.3.1/../../../../arm-none-eabi/lib/thumb/v7e-m/nofp\libc_nano.a(libc_a-stdio.o)
                              C:/ST/STM32CubeIDE_1.14.0/STM32CubeIDE/plugins/com.st.stm32cube.ide.mcu.externaltools.gnu-tools-for-stm32.11.3.rel1.win32_1.1.100.202309141235/tools/bin/../lib/gcc/arm-none-eabi/11.3.1/../../../../arm-none-eabi/lib/thumb/v7e-m/nofp\libc_nano.a(libc_a-findfp.o) (__sread)
C:/ST/STM32CubeIDE_1.14.0/STM32CubeIDE/plugins/com.st.stm32cube.ide.mcu.externaltools.gnu-tools-for-stm32.11.3.rel1.win32_1.1.100.202309141235/tools/bin/../lib/gcc/arm-none-eabi/11.3.1/../../../../arm-none-eabi/lib/thumb/v7e-m/nofp\libc_nano.a(libc_a-memset.o)
                              C:/ST/STM32CubeIDE_1.14.0/STM32CubeIDE/plugins/com.st.stm32cube.ide.mcu.externaltools.gnu-tools-for-stm32.11.3.rel1.win32_1.1.100.202309141235/tools/bin/../lib/gcc/arm-none-eabi/11.3.1/../../../../arm-none-eabi/lib/thumb/v7e-m/nofp/crt0.o (memset)
C:/ST/STM32CubeIDE_1.14.0/STM32CubeIDE/plugins/com.st.stm32cube.ide.mcu.externaltools.gnu-tools-for-stm32.11.3.rel1.win32_1.1.100.202309141235/tools/bin/../lib/gcc/arm-none-eabi/11.3.1/../../../../arm-none-eabi/lib/thumb/v7e-m/nofp\libc_nano.a(libc_a-closer.o)
                              C:/ST/STM32CubeIDE_1.14.0/STM32CubeIDE/plugins/com.st.stm32cube.ide.mcu.externaltools.gnu-tools-for-stm32.11.3.rel1.win32_1.1.100.202309141235/tools/bin/../lib/gcc/arm-none-eabi/11.3.1/../../../../arm-none-eabi/lib/thumb/v7e-m/nofp\libc_nano.a(libc_a-stdio.o) (_close_r)
C:/ST/STM32CubeIDE_1.14.0/STM32CubeIDE/plugins/com.st.stm32cube.ide.mcu.externaltools.gnu-tools-for-stm32.11.3.rel1.win32_1.1.100.202309141235/tools/bin/../lib/gcc/arm-none-eabi/11.3.1/../../../../arm-none-eabi/lib/thumb/v7e-m/nofp\libc_nano.a(libc_a-reent.o)
                              C:/ST/STM32CubeIDE_1.14.0/STM32CubeIDE/plugins/com.st.stm32cube.ide.mcu.externaltools.gnu-tools-for-stm32.11.3.rel1.win32_1.1.100.202309141235/tools/bin/../lib/gcc/arm-none-eabi/11.3.1/../../../../arm-none-eabi/lib/thumb/v7e-m/nofp\libc_nano.a(libc_a-closer.o) (errno)
C:/ST/STM32CubeIDE_1.14.0/STM32CubeIDE/plugins/com.st.stm32cube.ide.mcu.externaltools.gnu-tools-for-stm32.11.3.rel1.win32_1.1.100.202309141235/tools/bin/../lib/gcc/arm-none-eabi/11.3.1/../../../../arm-none-eabi/lib/thumb/v7e-m/nofp\libc_nano.a(libc_a-impure.o)
                              C:/ST/STM32CubeIDE_1.14.0/STM32CubeIDE/plugins/com.st.stm32cube.ide.mcu.externaltools.gnu-tools-for-stm32.11.3.rel1.win32_1.1.100.202309141235/tools/bin/../lib/gcc/arm-none-eabi/11.3.1/../../../../arm-none-eabi/lib/thumb/v7e-m/nofp\libc_nano.a(libc_a-reent.o) (_impure_ptr)
C:/ST/STM32CubeIDE_1.14.0/STM32CubeIDE/plugins/com.st.stm32cube.ide.mcu.externaltools.gnu-tools-for-stm32.11.3.rel1.win32_1.1.100.202309141235/tools/bin/../lib/gcc/arm-none-eabi/11.3.1/../../../../arm-none-eabi/lib/thumb/v7e-m/nofp\libc_nano.a(libc_a-lseekr.o)
[...]
Memory Configuration

Name             Origin             Length             Attributes
RAM1             0x0000000020000000 0x0000000000008000 xrw
NVM_RAM          0x0000000020008000 0x0000000000001000 rw
RAM2             0x0000000020009000 0x0000000000007000 xrw
FLASH            0x0000000008000000 0x000000000003e000 xr
USER_Key_region_ROM 0x000000000803e500 0x0000000000000300 xr
*default*        0x0000000000000000 0xffffffffffffffff

Linker script and memory map

LOAD C:/ST/STM32CubeIDE_1.14.0/STM32CubeIDE/plugins/com.st.stm32cube.ide.mcu.externaltools.gnu-tools-for-stm32.11.3.rel1.win32_1.1.100.202309141235/tools/bin/../lib/gcc/arm-none-eabi/11.3.1/thumb/v7e-m/nofp/crti.o
LOAD C:/ST/STM32CubeIDE_1.14.0/STM32CubeIDE/plugins/com.st.stm32cube.ide.mcu.externaltools.gnu-tools-for-stm32.11.3.rel1.win32_1.1.100.202309141235/tools/bin/../lib/gcc/arm-none-eabi/11.3.1/thumb/v7e-m/nofp/crtbegin.o
LOAD C:/ST/STM32CubeIDE_1.14.0/STM32CubeIDE/plugins/com.st.stm32cube.ide.mcu.externaltools.gnu-tools-for-stm32.11.3.rel1.win32_1.1.100.202309141235/tools/bin/../lib/gcc/arm-none-eabi/11.3.1/../../../../arm-none-eabi/lib/thumb/v7e-m/nofp/crt0.o
LOAD ./Application/User/Core/adc.o
LOAD ./Application/User/Core/adc_if.o
LOAD ./Application/User/Core/dma.o
LOAD ./Application/User/Core/flash_if.o
LOAD ./Application/User/Core/gpio.o
LOAD ./Application/User/Core/main.o
LOAD ./Application/User/Core/rtc.o
LOAD ./Application/User/Core/stm32_lpm_if.o
LOAD ./Application/User/Core/stm32wlxx_hal_msp.o
LOAD ./Application/User/Core/stm32wlxx_it.o
LOAD ./Application/User/Core/subghz.o
LOAD ./Application/User/Core/sys_app.o
LOAD ./Application/User/Core/sys_debug.o
LOAD ./Application/User/Core/sys_sensors.o
LOAD ./Application/User/Core/syscalls.o
LOAD ./Application/User/Core/sysmem.o
LOAD ./Application/User/Core/timer_if.o
LOAD ./Application/User/Core/usart.o
LOAD ./Application/User/Core/usart_if.o
LOAD ./Application/User/LoRaWAN/App/CayenneLpp.o
LOAD ./Application/User/LoRaWAN/App/app_lorawan.o
LOAD ./Application/User/LoRaWAN/App/lora_app.o
LOAD ./Application/User/LoRaWAN/App/lora_info.o
LOAD ./Application/User/LoRaWAN/Target/radio_board_if.o
LOAD ./Application/User/Startup/startup_stm32wl55jcix.o
LOAD ./Drivers/BSP/STM32WLxx_Nucleo/stm32wlxx_nucleo.o
LOAD ./Drivers/BSP/STM32WLxx_Nucleo/stm32wlxx_nucleo_radio.o
LOAD ./Drivers/CMSIS/system_stm32wlxx.o
LOAD ./Drivers/STM32WLxx_HAL_Driver/stm32wlxx_hal.o
LOAD ./Drivers/STM32WLxx_HAL_Driver/stm32wlxx_hal_adc.o
LOAD ./Drivers/STM32WLxx_HAL_Driver/stm32wlxx_hal_adc_ex.o
LOAD ./Drivers/STM32WLxx_HAL_Driver/stm32wlxx_hal_cortex.o
LOAD ./Drivers/STM32WLxx_HAL_Driver/stm32wlxx_hal_dma.o
LOAD ./Drivers/STM32WLxx_HAL_Driver/stm32wlxx_hal_dma_ex.o
LOAD ./Drivers/STM32WLxx_HAL_Driver/stm32wlxx_hal_exti.o
LOAD ./Drivers/STM32WLxx_HAL_Driver/stm32wlxx_hal_flash.o
LOAD ./Drivers/STM32WLxx_HAL_Driver/stm32wlxx_hal_flash_ex.o
LOAD ./Drivers/STM32WLxx_HAL_Driver/stm32wlxx_hal_gpio.o
LOAD ./Drivers/STM32WLxx_HAL_Driver/stm32wlxx_hal_pwr.o
LOAD ./Drivers/STM32WLxx_HAL_Driver/stm32wlxx_hal_pwr_ex.o
LOAD ./Drivers/STM32WLxx_HAL_Driver/stm32wlxx_hal_rcc.o
LOAD ./Drivers/STM32WLxx_HAL_Driver/stm32wlxx_hal_rcc_ex.o
LOAD ./Drivers/STM32WLxx_HAL_Driver/stm32wlxx_hal_rtc.o
LOAD ./Drivers/STM32WLxx_HAL_Driver/stm32wlxx_hal_rtc_ex.o
LOAD ./Drivers/STM32WLxx_HAL_Driver/stm32wlxx_hal_subghz.o
LOAD ./Drivers/STM32WLxx_HAL_Driver/stm32wlxx_hal_tim.o
LOAD ./Drivers/STM32WLxx_HAL_Driver/stm32wlxx_hal_tim_ex.o
LOAD ./Drivers/STM32WLxx_HAL_Driver/stm32wlxx_hal_uart.o
LOAD ./Drivers/STM32WLxx_HAL_Driver/stm32wlxx_hal_uart_ex.o
LOAD ./Drivers/STM32WLxx_HAL_Driver/stm32wlxx_ll_adc.o
LOAD ./Middlewares/LoRaWAN/LmHandler.o
LOAD ./Middlewares/LoRaWAN/LmhpCompliance.o
LOAD ./Middlewares/LoRaWAN/LmhpPackagesRegistration.o
LOAD ./Middlewares/LoRaWAN/LoRaMac.o
LOAD ./Middlewares/LoRaWAN/LoRaMacAdr.o
LOAD ./Middlewares/LoRaWAN/LoRaMacClassB.o
LOAD ./Middlewares/LoRaWAN/LoRaMacCommands.o
LOAD ./Middlewares/LoRaWAN/LoRaMacConfirmQueue.o
LOAD ./Middlewares/LoRaWAN/LoRaMacCrypto.o
LOAD ./Middlewares/LoRaWAN/LoRaMacParser.o
LOAD ./Middlewares/LoRaWAN/LoRaMacSerializer.o
LOAD ./Middlewares/LoRaWAN/NvmDataMgmt.o
LOAD ./Middlewares/LoRaWAN/Region.o
LOAD ./Middlewares/LoRaWAN/RegionAS923.o
LOAD ./Middlewares/LoRaWAN/RegionAU915.o
LOAD ./Middlewares/LoRaWAN/RegionBaseUS.o
LOAD ./Middlewares/LoRaWAN/RegionCN470.o
LOAD ./Middlewares/LoRaWAN/RegionCN470A20.o
LOAD ./Middlewares/LoRaWAN/RegionCN470A26.o
LOAD ./Middlewares/LoRaWAN/RegionCN470B20.o
LOAD ./Middlewares/LoRaWAN/RegionCN470B26.o
LOAD ./Middlewares/LoRaWAN/RegionCN779.o
LOAD ./Middlewares/LoRaWAN/RegionCommon.o
LOAD ./Middlewares/LoRaWAN/RegionEU433.o
LOAD ./Middlewares/LoRaWAN/RegionEU868.o
LOAD ./Middlewares/LoRaWAN/RegionIN865.o
LOAD ./Middlewares/LoRaWAN/RegionKR920.o
LOAD ./Middlewares/LoRaWAN/RegionRU864.o
LOAD ./Middlewares/LoRaWAN/RegionUS915.o
LOAD ./Middlewares/LoRaWAN/cmac.o
LOAD ./Middlewares/LoRaWAN/lorawan_aes.o
LOAD ./Middlewares/LoRaWAN/soft-se.o
LOAD ./Middlewares/LoRaWAN/utilities.o
LOAD ./Middlewares/SubGHz_Phy/radio.o
LOAD ./Middlewares/SubGHz_Phy/radio_driver.o
LOAD ./Middlewares/SubGHz_Phy/radio_fw.o
LOAD ./Utilities/stm32_adv_trace.o
LOAD ./Utilities/stm32_lpm.o
LOAD ./Utilities/stm32_mem.o
LOAD ./Utilities/stm32_seq.o
LOAD ./Utilities/stm32_systime.o
LOAD ./Utilities/stm32_timer.o
LOAD ./Utilities/stm32_tiny_sscanf.o
LOAD ./Utilities/stm32_tiny_vsnprintf.o
START GROUP
LOAD C:/ST/STM32CubeIDE_1.14.0/STM32CubeIDE/plugins/com.st.stm32cube.ide.mcu.externaltools.gnu-tools-for-stm32.11.3.rel1.win32_1.1.100.202309141235/tools/bin/../lib/gcc/arm-none-eabi/11.3.1/../../../../arm-none-eabi/lib/thumb/v7e-m/nofp\libc_nano.a
LOAD C:/ST/STM32CubeIDE_1.14.0/STM32CubeIDE/plugins/com.st.stm32cube.ide.mcu.externaltools.gnu-tools-for-stm32.11.3.rel1.win32_1.1.100.202309141235/tools/bin/../lib/gcc/arm-none-eabi/11.3.1/../../../../arm-none-eabi/lib/thumb/v7e-m/nofp\libm.a
END GROUP
START GROUP
LOAD C:/ST/STM32CubeIDE_1.14.0/STM32CubeIDE/plugins/com.st.stm32cube.ide.mcu.externaltools.gnu-tools-for-stm32.11.3.rel1.win32_1.1.100.202309141235/tools/bin/../lib/gcc/arm-none-eabi/11.3.1/thumb/v7e-m/nofp\libgcc.a
LOAD C:/ST/STM32CubeIDE_1.14.0/STM32CubeIDE/plugins/com.st.stm32cube.ide.mcu.externaltools.gnu-tools-for-stm32.11.3.rel1.win32_1.1.100.202309141235/tools/bin/../lib/gcc/arm-none-eabi/11.3.1/../../../../arm-none-eabi/lib/thumb/v7e-m/nofp\libc_nano.a
END GROUP
START GROUP
LOAD C:/ST/STM32CubeIDE_1.14.0/STM32CubeIDE/plugins/com.st.stm32cube.ide.mcu.externaltools.gnu-tools-for-stm32.11.3.rel1.win32_1.1.100.202309141235/tools/bin/../lib/gcc/arm-none-eabi/11.3.1/thumb/v7e-m/nofp\libgcc.a
LOAD C:/ST/STM32CubeIDE_1.14.0/STM32CubeIDE/plugins/com.st.stm32cube.ide.mcu.externaltools.gnu-tools-for-stm32.11.3.rel1.win32_1.1.100.202309141235/tools/bin/../lib/gcc/arm-none-eabi/11.3.1/../../../../arm-none-eabi/lib/thumb/v7e-m/nofp\libc_nano.a
LOAD C:/ST/STM32CubeIDE_1.14.0/STM32CubeIDE/plugins/com.st.stm32cube.ide.mcu.externaltools.gnu-tools-for-stm32.11.3.rel1.win32_1.1.100.202309141235/tools/bin/../lib/gcc/arm-none-eabi/11.3.1/../../../../arm-none-eabi/lib/thumb/v7e-m/nofp\libnosys.a
END GROUP
START GROUP
LOAD C:/ST/STM32CubeIDE_1.14.0/STM32CubeIDE/plugins/com.st.stm32cube.ide.mcu.externaltools.gnu-tools-for-stm32.11.3.rel1.win32_1.1.100.202309141235/tools/bin/../lib/gcc/arm-none-eabi/11.3.1/thumb/v7e-m/nofp\libgcc.a
LOAD C:/ST/STM32CubeIDE_1.14.0/STM32CubeIDE/plugins/com.st.stm32cube.ide.mcu.externaltools.gnu-tools-for-stm32.11.3.rel1.win32_1.1.100.202309141235/tools/bin/../lib/gcc/arm-none-eabi/11.3.1/../../../../arm-none-eabi/lib/thumb/v7e-m/nofp\libc_nano.a
LOAD C:/ST/STM32CubeIDE_1.14.0/STM32CubeIDE/plugins/com.st.stm32cube.ide.mcu.externaltools.gnu-tools-for-stm32.11.3.rel1.win32_1.1.100.202309141235/tools/bin/../lib/gcc/arm-none-eabi/11.3.1/../../../../arm-none-eabi/lib/thumb/v7e-m/nofp\libnosys.a
END GROUP
LOAD C:/ST/STM32CubeIDE_1.14.0/STM32CubeIDE/plugins/com.st.stm32cube.ide.mcu.externaltools.gnu-tools-for-stm32.11.3.rel1.win32_1.1.100.202309141235/tools/bin/../lib/gcc/arm-none-eabi/11.3.1/thumb/v7e-m/nofp/crtend.o
LOAD C:/ST/STM32CubeIDE_1.14.0/STM32CubeIDE/plugins/com.st.stm32cube.ide.mcu.externaltools.gnu-tools-for-stm32.11.3.rel1.win32_1.1.100.202309141235/tools/bin/../lib/gcc/arm-none-eabi/11.3.1/thumb/v7e-m/nofp/crtn.o
                0x0000000020008000                _estack = (ORIGIN (RAM1) + LENGTH (RAM1))
                0x0000000000000200                _Min_Heap_Size = 0x200
                0x0000000000000800                _Min_Stack_Size = 0x800

.isr_vector     0x0000000008000000      0x138
                0x0000000008000000                . = ALIGN (0x8)
 *(.isr_vector)
 .isr_vector    0x0000000008000000      0x138 ./Application/User/Startup/startup_stm32wl55jcix.o
                0x0000000008000000                g_pfnVectors
                0x0000000008000138                . = ALIGN (0x8)

.text           0x0000000008000138     0xf2a0
                0x0000000008000138                . = ALIGN (0x8)
 *(.text)
 .text          0x0000000008000138       0x40 C:/ST/STM32CubeIDE_1.14.0/STM32CubeIDE/plugins/com.st.stm32cube.ide.mcu.externaltools.gnu-tools-for-stm32.11.3.rel1.win32_1.1.100.202309141235/tools/bin/../lib/gcc/arm-none-eabi/11.3.1/thumb/v7e-m/nofp/crtbegin.o
 .text          0x0000000008000178       0x10 C:/ST/STM32CubeIDE_1.14.0/STM32CubeIDE/plugins/com.st.stm32cube.ide.mcu.externaltools.gnu-tools-for-stm32.11.3.rel1.win32_1.1.100.202309141235/tools/bin/../lib/gcc/arm-none-eabi/11.3.1/../../../../arm-none-eabi/lib/thumb/v7e-m/nofp\libc_nano.a(libc_a-strlen.o)
                0x0000000008000178                strlen
 .text          0x0000000008000188      0x378 C:/ST/STM32CubeIDE_1.14.0/STM32CubeIDE/plugins/com.st.stm32cube.ide.mcu.externaltools.gnu-tools-for-stm32.11.3.rel1.win32_1.1.100.202309141235/tools/bin/../lib/gcc/arm-none-eabi/11.3.1/thumb/v7e-m/nofp\libgcc.a(_arm_addsubdf3.o)
                0x0000000008000188                __aeabi_drsub
                0x0000000008000190                __aeabi_dsub
                0x0000000008000190                __subdf3
                0x0000000008000194                __aeabi_dadd
                0x0000000008000194                __adddf3
                0x000000000800040c                __floatunsidf
                0x000000000800040c                __aeabi_ui2d
                0x000000000800042c                __floatsidf
                0x000000000800042c                __aeabi_i2d
                0x0000000008000450                __aeabi_f2d
                0x0000000008000450                __extendsfdf2
                0x0000000008000494                __floatundidf
                0x0000000008000494                __aeabi_ul2d
                0x00000000080004a4                __floatdidf
                0x00000000080004a4                __aeabi_l2d
 .text          0x0000000008000500      0x110 C:/ST/STM32CubeIDE_1.14.0/STM32CubeIDE/plugins/com.st.stm32cube.ide.mcu.externaltools.gnu-tools-for-stm32.11.3.rel1.win32_1.1.100.202309141235/tools/bin/../lib/gcc/arm-none-eabi/11.3.1/thumb/v7e-m/nofp\libgcc.a(_arm_cmpdf2.o)
                0x0000000008000500                __gtdf2
                0x0000000008000500                __gedf2
                0x0000000008000508                __ltdf2
                0x0000000008000508                __ledf2
                0x0000000008000510                __nedf2
                0x0000000008000510                __eqdf2
                0x0000000008000510                __cmpdf2
                0x000000000800058c                __aeabi_cdrcmple
                0x000000000800059c                __aeabi_cdcmpeq
                0x000000000800059c                __aeabi_cdcmple
                0x00000000080005ac                __aeabi_dcmpeq
                0x00000000080005c0                __aeabi_dcmplt
                0x00000000080005d4                __aeabi_dcmple
                0x00000000080005e8                __aeabi_dcmpge
                0x00000000080005fc                __aeabi_dcmpgt
 .text          0x0000000008000610       0x50 C:/ST/STM32CubeIDE_1.14.0/STM32CubeIDE/plugins/com.st.stm32cube.ide.mcu.externaltools.gnu-tools-for-stm32.11.3.rel1.win32_1.1.100.202309141235/tools/bin/../lib/gcc/arm-none-eabi/11.3.1/thumb/v7e-m/nofp\libgcc.a(_arm_fixdfsi.o)
                0x0000000008000610                __aeabi_d2iz
                0x0000000008000610                __fixdfsi
 .text          0x0000000008000660      0x21c C:/ST/STM32CubeIDE_1.14.0/STM32CubeIDE/plugins/com.st.stm32cube.ide.mcu.externaltools.gnu-tools-for-stm32.11.3.rel1.win32_1.1.100.202309141235/tools/bin/../lib/gcc/arm-none-eabi/11.3.1/thumb/v7e-m/nofp\libgcc.a(_arm_addsubsf3.o)
                0x0000000008000660                __aeabi_frsub
                0x0000000008000668                __subsf3
                0x0000000008000668                __aeabi_fsub
                0x000000000800066c                __aeabi_fadd
                0x000000000800066c                __addsf3
                0x00000000080007cc                __aeabi_ui2f
                0x00000000080007cc                __floatunsisf
                0x00000000080007d4                __aeabi_i2f
                0x00000000080007d4                __floatsisf
                0x00000000080007f0                __aeabi_ul2f
                0x00000000080007f0                __floatundisf
                0x0000000008000800                __aeabi_l2f
                0x0000000008000800                __floatdisf
 .text          0x000000000800087c       0x4c C:/ST/STM32CubeIDE_1.14.0/STM32CubeIDE/plugins/com.st.stm32cube.ide.mcu.externaltools.gnu-tools-for-stm32.11.3.rel1.win32_1.1.100.202309141235/tools/bin/../lib/gcc/arm-none-eabi/11.3.1/thumb/v7e-m/nofp\libgcc.a(_arm_fixsfsi.o)
                0x000000000800087c                __aeabi_f2iz
                0x000000000800087c                __fixsfsi
 .text          0x00000000080008c8       0x30 C:/ST/STM32CubeIDE_1.14.0/STM32CubeIDE/plugins/com.st.stm32cube.ide.mcu.externaltools.gnu-tools-for-stm32.11.3.rel1.win32_1.1.100.202309141235/tools/bin/../lib/gcc/arm-none-eabi/11.3.1/thumb/v7e-m/nofp\libgcc.a(_aeabi_uldivmod.o)
                0x00000000080008c8                __aeabi_uldivmod
 .text          0x00000000080008f8      0x2c8 C:/ST/STM32CubeIDE_1.14.0/STM32CubeIDE/plugins/com.st.stm32cube.ide.mcu.externaltools.gnu-tools-for-stm32.11.3.rel1.win32_1.1.100.202309141235/tools/bin/../lib/gcc/arm-none-eabi/11.3.1/thumb/v7e-m/nofp\libgcc.a(_udivmoddi4.o)
                0x00000000080008f8                __udivmoddi4
 .text          0x0000000008000bc0        0x4 C:/ST/STM32CubeIDE_1.14.0/STM32CubeIDE/plugins/com.st.stm32cube.ide.mcu.externaltools.gnu-tools-for-stm32.11.3.rel1.win32_1.1.100.202309141235/tools/bin/../lib/gcc/arm-none-eabi/11.3.1/thumb/v7e-m/nofp\libgcc.a(_dvmd_tls.o)
                0x0000000008000bc0                __aeabi_idiv0
                0x0000000008000bc0                __aeabi_ldiv0
 *(.text*)
 .text.MX_ADC_Init
                0x0000000008000bc4       0x58 ./Application/User/Core/adc.o
                0x0000000008000bc4                MX_ADC_Init
 .text.HAL_ADC_MspInit
                0x0000000008000c1c       0x28 ./Application/User/Core/adc.o
                0x0000000008000c1c                HAL_ADC_MspInit
 .text.HAL_ADC_MspDeInit
                0x0000000008000c44       0x1c ./Application/User/Core/adc.o
                0x0000000008000c44                HAL_ADC_MspDeInit
 .text.ADC_ReadChannels
                0x0000000008000c60       0x68 ./Application/User/Core/adc_if.o
 .text.SYS_InitMeasurement
                0x0000000008000cc8       0x10 ./Application/User/Core/adc_if.o
                0x0000000008000cc8                SYS_InitMeasurement
 .text.SYS_GetBatteryLevel
                0x0000000008000cd8       0x34 ./Application/User/Core/adc_if.o
                0x0000000008000cd8                SYS_GetBatteryLevel
 .text.SYS_GetTemperatureLevel
                0x0000000008000d0c       0x7c ./Application/User/Core/adc_if.o
                0x0000000008000d0c                SYS_GetTemperatureLevel
 .text.MX_DMA_Init
                0x0000000008000d88       0x40 ./Application/User/Core/dma.o
                0x0000000008000d88                MX_DMA_Init
 .text.FLASH_IF_INT_Clear_Error
                0x0000000008000dc8       0x2c ./Application/User/Core/flash_if.o
 .text.FLASH_IF_INT_Erase
                0x0000000008000df4       0x90 ./Application/User/Core/flash_if.o
 .text.FLASH_IF_Init
                0x0000000008000e84        0xc ./Application/User/Core/flash_if.o
                0x0000000008000e84                FLASH_IF_Init
 .text.FLASH_IF_Write
                0x0000000008000e90      0x1bc ./Application/User/Core/flash_if.o
                0x0000000008000e90                FLASH_IF_Write
 .text.FLASH_IF_Read
                0x000000000800104c       0x40 ./Application/User/Core/flash_if.o
                0x000000000800104c                FLASH_IF_Read
 .text.FLASH_IF_Erase
                0x000000000800108c       0x34 ./Application/User/Core/flash_if.o
                0x000000000800108c                FLASH_IF_Erase
 .text.LL_AHB2_GRP1_EnableClock
                0x00000000080010c0       0x18 ./Application/User/Core/gpio.o
 .text.MX_GPIO_Init
                0x00000000080010d8       0xe8 ./Application/User/Core/gpio.o
                0x00000000080010d8                MX_GPIO_Init
 .text.SystemClock_Config
                0x00000000080011c0       0x8c ./Application/User/Core/main.o
                0x00000000080011c0                SystemClock_Config
 .text.startup.main
                0x000000000800124c       0x18 ./Application/User/Core/main.o
                0x000000000800124c                main
 .text.Error_Handler
                0x0000000008001264        0x4 ./Application/User/Core/main.o
                0x0000000008001264                Error_Handler
 .text.MX_RTC_Init
                0x0000000008001268       0x74 ./Application/User/Core/rtc.o
                0x0000000008001268                MX_RTC_Init
 .text.HAL_RTC_MspInit
                0x00000000080012dc       0x7c ./Application/User/Core/rtc.o
                0x00000000080012dc                HAL_RTC_MspInit
 .text.PWR_EnterOffMode
                0x0000000008001358        0x2 ./Application/User/Core/stm32_lpm_if.o
                0x0000000008001358                PWR_EnterOffMode
 *fill*         0x000000000800135a        0x2 
 .text.PWR_EnterStopMode
                0x000000000800135c       0x1c ./Application/User/Core/stm32_lpm_if.o
                0x000000000800135c                PWR_EnterStopMode
 .text.PWR_ExitSleepMode
                0x0000000008001378        0x4 ./Application/User/Core/stm32_lpm_if.o
                0x0000000008001378                PWR_ExitSleepMode
 .text.PWR_ExitStopMode
                0x000000000800137c        0xe ./Application/User/Core/stm32_lpm_if.o
                0x000000000800137c                PWR_ExitStopMode
 .text.PWR_EnterSleepMode
                0x000000000800138a       0x12 ./Application/User/Core/stm32_lpm_if.o
                0x000000000800138a                PWR_EnterSleepMode
 .text.PWR_ExitOffMode
                0x000000000800139c        0x2 ./Application/User/Core/stm32_lpm_if.o
                0x000000000800139c                PWR_ExitOffMode
 .text.HAL_MspInit
                0x000000000800139e        0x2 ./Application/User/Core/stm32wlxx_hal_msp.o
                0x000000000800139e                HAL_MspInit
 .text.NMI_Handler
                0x00000000080013a0        0x2 ./Application/User/Core/stm32wlxx_it.o
                0x00000000080013a0                NMI_Handler
 .text.HardFault_Handler
                0x00000000080013a2        0x2 ./Application/User/Core/stm32wlxx_it.o
                0x00000000080013a2                HardFault_Handler
 .text.MemManage_Handler
                0x00000000080013a4        0x2 ./Application/User/Core/stm32wlxx_it.o
                0x00000000080013a4                MemManage_Handler
 .text.BusFault_Handler
                0x00000000080013a6        0x2 ./Application/User/Core/stm32wlxx_it.o
                0x00000000080013a6                BusFault_Handler
 .text.UsageFault_Handler
                0x00000000080013a8        0x2 ./Application/User/Core/stm32wlxx_it.o
                0x00000000080013a8                UsageFault_Handler
 .text.SVC_Handler
                0x00000000080013aa        0x2 ./Application/User/Core/stm32wlxx_it.o
                0x00000000080013aa                SVC_Handler
 .text.DebugMon_Handler
                0x00000000080013ac        0x2 ./Application/User/Core/stm32wlxx_it.o
                0x00000000080013ac                DebugMon_Handler
 .text.PendSV_Handler
                0x00000000080013ae        0x2 ./Application/User/Core/stm32wlxx_it.o
                0x00000000080013ae                PendSV_Handler
 .text.SysTick_Handler
                0x00000000080013b0        0x2 ./Application/User/Core/stm32wlxx_it.o
                0x00000000080013b0                SysTick_Handler
 *fill*         0x00000000080013b2        0x2 
 .text.TAMP_STAMP_LSECSS_SSRU_IRQHandler
                0x00000000080013b4        0xc ./Application/User/Core/stm32wlxx_it.o
                0x00000000080013b4                TAMP_STAMP_LSECSS_SSRU_IRQHandler
 .text.EXTI0_IRQHandler
                0x00000000080013c0        0x6 ./Application/User/Core/stm32wlxx_it.o
                0x00000000080013c0                EXTI0_IRQHandler
 .text.EXTI1_IRQHandler
                0x00000000080013c6        0x6 ./Application/User/Core/stm32wlxx_it.o
                0x00000000080013c6                EXTI1_IRQHandler
 .text.EXTI2_IRQHandler
                0x00000000080013cc        0x6 ./Application/User/Core/stm32wlxx_it.o
                0x00000000080013cc                EXTI2_IRQHandler
 *fill*         0x00000000080013d2        0x2 
 .text.DMA1_Channel5_IRQHandler
                0x00000000080013d4        0xc ./Application/User/Core/stm32wlxx_it.o
                0x00000000080013d4                DMA1_Channel5_IRQHandler
 .text.EXTI9_5_IRQHandler
                0x00000000080013e0        0x6 ./Application/User/Core/stm32wlxx_it.o
                0x00000000080013e0                EXTI9_5_IRQHandler
 *fill*         0x00000000080013e6        0x2 
 .text.USART2_IRQHandler
                0x00000000080013e8        0xc ./Application/User/Core/stm32wlxx_it.o
                0x00000000080013e8                USART2_IRQHandler
 .text.RTC_Alarm_IRQHandler
                0x00000000080013f4        0xc ./Application/User/Core/stm32wlxx_it.o
                0x00000000080013f4                RTC_Alarm_IRQHandler
 .text.SUBGHZ_Radio_IRQHandler
                0x0000000008001400        0xc ./Application/User/Core/stm32wlxx_it.o
                0x0000000008001400                SUBGHZ_Radio_IRQHandler
 .text.MX_SUBGHZ_Init
                0x000000000800140c       0x1c ./Application/User/Core/subghz.o
                0x000000000800140c                MX_SUBGHZ_Init
 .text.HAL_SUBGHZ_MspInit
                0x0000000008001428       0x2e ./Application/User/Core/subghz.o
                0x0000000008001428                HAL_SUBGHZ_MspInit
 *fill*         0x0000000008001456        0x2 
 .text.tiny_snprintf_like.constprop.0
                0x0000000008001458       0x20 ./Application/User/Core/sys_app.o
 .text.TimestampNow
                0x0000000008001478       0x30 ./Application/User/Core/sys_app.o
 .text.SystemApp_Init
                0x00000000080014a8       0x58 ./Application/User/Core/sys_app.o
                0x00000000080014a8                SystemApp_Init
 .text.UTIL_SEQ_Idle
                0x0000000008001500        0x4 ./Application/User/Core/sys_app.o
                0x0000000008001500                UTIL_SEQ_Idle
 .text.GetBatteryLevel
                0x0000000008001504       0x30 ./Application/User/Core/sys_app.o
                0x0000000008001504                GetBatteryLevel
 .text.GetTemperatureLevel
                0x0000000008001534       0x16 ./Application/User/Core/sys_app.o
                0x0000000008001534                GetTemperatureLevel
 *fill*         0x000000000800154a        0x2 
 .text.GetUniqueId
                0x000000000800154c       0x6c ./Application/User/Core/sys_app.o
                0x000000000800154c                GetUniqueId
 .text.GetDevAddr
                0x00000000080015b8       0x2c ./Application/User/Core/sys_app.o
                0x00000000080015b8                GetDevAddr
 .text.UTIL_ADV_TRACE_PreSendHook
                0x00000000080015e4        0x8 ./Application/User/Core/sys_app.o
                0x00000000080015e4                UTIL_ADV_TRACE_PreSendHook
 .text.UTIL_ADV_TRACE_PostSendHook
                0x00000000080015ec        0x8 ./Application/User/Core/sys_app.o
                0x00000000080015ec                UTIL_ADV_TRACE_PostSendHook
 .text.HAL_InitTick
                0x00000000080015f4        0x4 ./Application/User/Core/sys_app.o
                0x00000000080015f4                HAL_InitTick
 .text.HAL_GetTick
                0x00000000080015f8       0x10 ./Application/User/Core/sys_app.o
                0x00000000080015f8                HAL_GetTick
 .text.HAL_Delay
                0x0000000008001608        0xc ./Application/User/Core/sys_app.o
                0x0000000008001608                HAL_Delay
 .text.DBG_Init
                0x0000000008001614       0x94 ./Application/User/Core/sys_debug.o
                0x0000000008001614                DBG_Init
 .text.EnvSensors_Read
                0x00000000080016a8       0x38 ./Application/User/Core/sys_sensors.o
                0x00000000080016a8                EnvSensors_Read
 .text.EnvSensors_Init
                0x00000000080016e0        0x4 ./Application/User/Core/sys_sensors.o
                0x00000000080016e0                EnvSensors_Init
 .text.TIMER_IF_GetTimerContext
                0x00000000080016e4        0xc ./Application/User/Core/timer_if.o
                0x00000000080016e4                TIMER_IF_GetTimerContext
 .text.TIMER_IF_GetMinimumTimeout
                0x00000000080016f0        0x4 ./Application/User/Core/timer_if.o
                0x00000000080016f0                TIMER_IF_GetMinimumTimeout
 .text.TIMER_IF_Convert_ms2Tick
                0x00000000080016f4       0x14 ./Application/User/Core/timer_if.o
                0x00000000080016f4                TIMER_IF_Convert_ms2Tick
 .text.TIMER_IF_Convert_Tick2ms
                0x0000000008001708       0x10 ./Application/User/Core/timer_if.o
                0x0000000008001708                TIMER_IF_Convert_Tick2ms
 .text.GetTimerTicks
                0x0000000008001718       0x14 ./Application/User/Core/timer_if.o
 .text.TIMER_IF_SetTimerContext
                0x000000000800172c       0x10 ./Application/User/Core/timer_if.o
                0x000000000800172c                TIMER_IF_SetTimerContext
 .text.TIMER_IF_GetTimerElapsedTime
                0x000000000800173c       0x14 ./Application/User/Core/timer_if.o
                0x000000000800173c                TIMER_IF_GetTimerElapsedTime
 .text.TIMER_IF_GetTimerValue
                0x0000000008001750       0x10 ./Application/User/Core/timer_if.o
                0x0000000008001750                TIMER_IF_GetTimerValue
 .text.TIMER_IF_StopTimer
                0x0000000008001760       0x28 ./Application/User/Core/timer_if.o
                0x0000000008001760                TIMER_IF_StopTimer
 .text.TIMER_IF_BkUp_Write_Seconds
                0x0000000008001788       0x10 ./Application/User/Core/timer_if.o
                0x0000000008001788                TIMER_IF_BkUp_Write_Seconds
 .text.TIMER_IF_BkUp_Write_SubSeconds
                0x0000000008001798       0x10 ./Application/User/Core/timer_if.o
                0x0000000008001798                TIMER_IF_BkUp_Write_SubSeconds
 .text.TIMER_IF_StartTimer
                0x00000000080017a8       0x50 ./Application/User/Core/timer_if.o
                0x00000000080017a8                TIMER_IF_StartTimer
 .text.TIMER_IF_GetTime
                0x00000000080017f8       0x30 ./Application/User/Core/timer_if.o
                0x00000000080017f8                TIMER_IF_GetTime
 .text.TIMER_IF_BkUp_Read_Seconds
                0x0000000008001828        0xc ./Application/User/Core/timer_if.o
                0x0000000008001828                TIMER_IF_BkUp_Read_Seconds
 .text.TIMER_IF_BkUp_Read_SubSeconds
                0x0000000008001834        0xc ./Application/User/Core/timer_if.o
                0x0000000008001834                TIMER_IF_BkUp_Read_SubSeconds
 .text.TIMER_IF_Init
                0x0000000008001840       0x48 ./Application/User/Core/timer_if.o
                0x0000000008001840                TIMER_IF_Init
 .text.TIMER_IF_DelayMs
                0x0000000008001888       0x2a ./Application/User/Core/timer_if.o
                0x0000000008001888                TIMER_IF_DelayMs
 .text.HAL_RTC_AlarmAEventCallback
                0x00000000080018b2        0x4 ./Application/User/Core/timer_if.o
                0x00000000080018b2                HAL_RTC_AlarmAEventCallback
 *fill*         0x00000000080018b6        0x2 
 .text.HAL_RTCEx_SSRUEventCallback
                0x00000000080018b8       0x20 ./Application/User/Core/timer_if.o
                0x00000000080018b8                HAL_RTCEx_SSRUEventCallback
 .text.MX_USART2_UART_Init
                0x00000000080018d8       0x64 ./Application/User/Core/usart.o
                0x00000000080018d8                MX_USART2_UART_Init
 .text.HAL_UART_MspInit
                0x000000000800193c       0xdc ./Application/User/Core/usart.o
                0x000000000800193c                HAL_UART_MspInit
 .text.HAL_UART_MspDeInit
                0x0000000008001a18       0x38 ./Application/User/Core/usart.o
                0x0000000008001a18                HAL_UART_MspDeInit
 .text.vcom_Trace_DMA
                0x0000000008001a50       0x14 ./Application/User/Core/usart_if.o
                0x0000000008001a50                vcom_Trace_DMA
 .text.vcom_ReceiveInit
                0x0000000008001a64       0x54 ./Application/User/Core/usart_if.o
                0x0000000008001a64                vcom_ReceiveInit
 .text.vcom_Init
                0x0000000008001ab8       0x28 ./Application/User/Core/usart_if.o
                0x0000000008001ab8                vcom_Init
 .text.vcom_DeInit
                0x0000000008001ae0       0x2c ./Application/User/Core/usart_if.o
                0x0000000008001ae0                vcom_DeInit
 .text.vcom_Resume
                0x0000000008001b0c       0x28 ./Application/User/Core/usart_if.o
                0x0000000008001b0c                vcom_Resume
 .text.HAL_UART_TxCpltCallback
                0x0000000008001b34       0x1c ./Application/User/Core/usart_if.o
                0x0000000008001b34                HAL_UART_TxCpltCallback
 .text.HAL_UART_RxCpltCallback
                0x0000000008001b50       0x3c ./Application/User/Core/usart_if.o
                0x0000000008001b50                HAL_UART_RxCpltCallback
 .text.MX_LoRaWAN_Init
                0x0000000008001b8c        0xe ./Application/User/LoRaWAN/App/app_lorawan.o
                0x0000000008001b8c                MX_LoRaWAN_Init
 .text.MX_LoRaWAN_Process
                0x0000000008001b9a        0x8 ./Application/User/LoRaWAN/App/app_lorawan.o
                0x0000000008001b9a                MX_LoRaWAN_Process
 .text.OnSysTimeUpdate
                0x0000000008001ba2        0x2 ./Application/User/LoRaWAN/App/lora_app.o
 .text.OnTxFrameCtrlChanged
                0x0000000008001ba4        0xc ./Application/User/LoRaWAN/App/lora_app.o
 .text.OnPingSlotPeriodicityChanged
                0x0000000008001bb0        0xc ./Application/User/LoRaWAN/App/lora_app.o
 .text.OnClassChange
                0x0000000008001bbc       0x24 ./Application/User/LoRaWAN/App/lora_app.o
 .text.OnTxTimerEvent
                0x0000000008001be0       0x18 ./Application/User/LoRaWAN/App/lora_app.o
 .text.OnMacProcessNotify
                0x0000000008001bf8        0x8 ./Application/User/LoRaWAN/App/lora_app.o
 .text.OnTxPeriodicityChanged
                0x0000000008001c00       0x30 ./Application/User/LoRaWAN/App/lora_app.o
 .text.OnJoinRequest
                0x0000000008001c30       0x7c ./Application/User/LoRaWAN/App/lora_app.o
 .text.OnStopJoinTimerEvent
                0x0000000008001cac       0x44 ./Application/User/LoRaWAN/App/lora_app.o
 .text.OnRxTimerLedEvent
                0x0000000008001cf0       0x10 ./Application/User/LoRaWAN/App/lora_app.o
 .text.OnTxTimerLedEvent
                0x0000000008001d00       0x10 ./Application/User/LoRaWAN/App/lora_app.o
 .text.OnStoreContextRequest
                0x0000000008001d10       0x28 ./Application/User/LoRaWAN/App/lora_app.o
 .text.OnRestoreContextRequest
                0x0000000008001d38        0xc ./Application/User/LoRaWAN/App/lora_app.o
 .text.StopJoin
                0x0000000008001d44       0xa0 ./Application/User/LoRaWAN/App/lora_app.o
 .text.SendTxData
                0x0000000008001de4       0xd0 ./Application/User/LoRaWAN/App/lora_app.o
 .text.OnJoinTimerLedEvent
                0x0000000008001eb4       0x10 ./Application/User/LoRaWAN/App/lora_app.o
 .text.OnBeaconStatusChange
                0x0000000008001ec4       0x7c ./Application/User/LoRaWAN/App/lora_app.o
 .text.OnNvmDataChange
                0x0000000008001f40       0x1c ./Application/User/LoRaWAN/App/lora_app.o
 .text.OnSystemReset
                0x0000000008001f5c       0x34 ./Application/User/LoRaWAN/App/lora_app.o
 .text.OnTxData
                0x0000000008001f90       0xb4 ./Application/User/LoRaWAN/App/lora_app.o
 .text.OnRxData
                0x0000000008002044       0xd4 ./Application/User/LoRaWAN/App/lora_app.o
 .text.StoreContext
                0x0000000008002118       0x30 ./Application/User/LoRaWAN/App/lora_app.o
 .text.LoRaWAN_Init
                0x0000000008002148      0x1a8 ./Application/User/LoRaWAN/App/lora_app.o
                0x0000000008002148                LoRaWAN_Init
 .text.HAL_GPIO_EXTI_Callback
                0x00000000080022f0       0x3c ./Application/User/LoRaWAN/App/lora_app.o
                0x00000000080022f0                HAL_GPIO_EXTI_Callback
 .text.LoraInfo_Init
                0x000000000800232c       0x18 ./Application/User/LoRaWAN/App/lora_info.o
                0x000000000800232c                LoraInfo_Init
 .text.LoraInfo_GetPtr
                0x0000000008002344        0x8 ./Application/User/LoRaWAN/App/lora_info.o
                0x0000000008002344                LoraInfo_GetPtr
 .text.RBI_Init
                0x000000000800234c        0x4 ./Application/User/LoRaWAN/Target/radio_board_if.o
                0x000000000800234c                RBI_Init
 .text.RBI_ConfigRFSwitch
                0x0000000008002350        0x4 ./Application/User/LoRaWAN/Target/radio_board_if.o
                0x0000000008002350                RBI_ConfigRFSwitch
 .text.RBI_GetTxConfig
                0x0000000008002354        0x4 ./Application/User/LoRaWAN/Target/radio_board_if.o
                0x0000000008002354                RBI_GetTxConfig
 .text.RBI_IsTCXO
                0x0000000008002358        0x4 ./Application/User/LoRaWAN/Target/radio_board_if.o
                0x0000000008002358                RBI_IsTCXO
 .text.RBI_IsDCDC
                0x000000000800235c        0x4 ./Application/User/LoRaWAN/Target/radio_board_if.o
                0x000000000800235c                RBI_IsDCDC
 .text.RBI_GetRFOMaxPowerConfig
                0x0000000008002360        0x4 ./Application/User/LoRaWAN/Target/radio_board_if.o
                0x0000000008002360                RBI_GetRFOMaxPowerConfig
 .text.Reset_Handler
                0x0000000008002364       0x50 ./Application/User/Startup/startup_stm32wl55jcix.o
                0x0000000008002364                Reset_Handler
 .text.Default_Handler
                0x00000000080023b4        0x2 ./Application/User/Startup/startup_stm32wl55jcix.o
                0x00000000080023b4                TIM1_CC_IRQHandler
                0x00000000080023b4                EXTI3_IRQHandler
                0x00000000080023b4                LPTIM2_IRQHandler
                0x00000000080023b4                I2C3_ER_IRQHandler
                0x00000000080023b4                LPTIM3_IRQHandler
                0x00000000080023b4                I2C2_EV_IRQHandler
                0x00000000080023b4                SPI1_IRQHandler
                0x00000000080023b4                DMA2_Channel2_IRQHandler
                0x00000000080023b4                DMA1_Channel4_IRQHandler
                0x00000000080023b4                PKA_IRQHandler
                0x00000000080023b4                TIM17_IRQHandler
                0x00000000080023b4                DMA1_Channel7_IRQHandler
                0x00000000080023b4                SUBGHZSPI_IRQHandler
                0x00000000080023b4                IPCC_C1_TX_IRQHandler
                0x00000000080023b4                DMA2_Channel1_IRQHandler
                0x00000000080023b4                I2C1_EV_IRQHandler
                0x00000000080023b4                DMAMUX1_OVR_IRQHandler
                0x00000000080023b4                DMA1_Channel6_IRQHandler
                0x00000000080023b4                TIM16_IRQHandler
                0x00000000080023b4                DMA2_Channel4_IRQHandler
                0x00000000080023b4                RCC_IRQHandler
                0x00000000080023b4                TIM1_TRG_COM_IRQHandler
                0x00000000080023b4                DMA1_Channel1_IRQHandler
                0x00000000080023b4                Default_Handler
                0x00000000080023b4                DMA2_Channel7_IRQHandler
                0x00000000080023b4                EXTI15_10_IRQHandler
                0x00000000080023b4                IPCC_C1_RX_IRQHandler
                0x00000000080023b4                ADC_IRQHandler
                0x00000000080023b4                C2SEV_PWR_C2H_IRQHandler
                0x00000000080023b4                I2C3_EV_IRQHandler
                0x00000000080023b4                RTC_WKUP_IRQHandler
                0x00000000080023b4                PVD_PVM_IRQHandler
                0x00000000080023b4                SPI2_IRQHandler
                0x00000000080023b4                DMA2_Channel5_IRQHandler
                0x00000000080023b4                EXTI4_IRQHandler
                0x00000000080023b4                RNG_IRQHandler
                0x00000000080023b4                DMA1_Channel3_IRQHandler
                0x00000000080023b4                COMP_IRQHandler
                0x00000000080023b4                HSEM_IRQHandler
                0x00000000080023b4                TIM1_UP_IRQHandler
                0x00000000080023b4                WWDG_IRQHandler
                0x00000000080023b4                LPUART1_IRQHandler
                0x00000000080023b4                DMA2_Channel6_IRQHandler
                0x00000000080023b4                TIM2_IRQHandler
                0x00000000080023b4                TIM1_BRK_IRQHandler
                0x00000000080023b4                DAC_IRQHandler
                0x00000000080023b4                AES_IRQHandler
                0x00000000080023b4                I2C2_ER_IRQHandler
                0x00000000080023b4                DMA1_Channel2_IRQHandler
                0x00000000080023b4                FLASH_IRQHandler
                0x00000000080023b4                USART1_IRQHandler
                0x00000000080023b4                I2C1_ER_IRQHandler
                0x00000000080023b4                LPTIM1_IRQHandler
                0x00000000080023b4                DMA2_Channel3_IRQHandler
 *fill*         0x00000000080023b6        0x2 
 .text.BSP_RADIO_Init
                0x00000000080023b8       0x80 ./Drivers/BSP/STM32WLxx_Nucleo/stm32wlxx_nucleo_radio.o
                0x00000000080023b8                BSP_RADIO_Init
 .text.BSP_RADIO_ConfigRFSwitch
                0x0000000008002438       0x68 ./Drivers/BSP/STM32WLxx_Nucleo/stm32wlxx_nucleo_radio.o
                0x0000000008002438                BSP_RADIO_ConfigRFSwitch
 .text.BSP_RADIO_GetTxConfig
                0x00000000080024a0        0x4 ./Drivers/BSP/STM32WLxx_Nucleo/stm32wlxx_nucleo_radio.o
                0x00000000080024a0                BSP_RADIO_GetTxConfig
 .text.BSP_RADIO_IsTCXO
                0x00000000080024a4        0x4 ./Drivers/BSP/STM32WLxx_Nucleo/stm32wlxx_nucleo_radio.o
                0x00000000080024a4                BSP_RADIO_IsTCXO
 .text.BSP_RADIO_IsDCDC
                0x00000000080024a8        0x4 ./Drivers/BSP/STM32WLxx_Nucleo/stm32wlxx_nucleo_radio.o
                0x00000000080024a8                BSP_RADIO_IsDCDC
 .text.BSP_RADIO_GetRFOMaxPowerConfig
                0x00000000080024ac        0xa ./Drivers/BSP/STM32WLxx_Nucleo/stm32wlxx_nucleo_radio.o
                0x00000000080024ac                BSP_RADIO_GetRFOMaxPowerConfig
 .text.SystemInit
                0x00000000080024b6        0x2 ./Drivers/CMSIS/system_stm32wlxx.o
                0x00000000080024b6                SystemInit
 .text.HAL_Init
                0x00000000080024b8       0x2c ./Drivers/STM32WLxx_HAL_Driver/stm32wlxx_hal.o
                0x00000000080024b8                HAL_Init
 .text.HAL_SuspendTick
                0x00000000080024e4        0xe ./Drivers/STM32WLxx_HAL_Driver/stm32wlxx_hal.o
                0x00000000080024e4                HAL_SuspendTick
 .text.HAL_ResumeTick
                0x00000000080024f2        0xe ./Drivers/STM32WLxx_HAL_Driver/stm32wlxx_hal.o
                0x00000000080024f2                HAL_ResumeTick
 .text.HAL_GetUIDw0
                0x0000000008002500        0xc ./Drivers/STM32WLxx_HAL_Driver/stm32wlxx_hal.o
                0x0000000008002500                HAL_GetUIDw0
 .text.HAL_GetUIDw1
                0x000000000800250c        0xc ./Drivers/STM32WLxx_HAL_Driver/stm32wlxx_hal.o
                0x000000000800250c                HAL_GetUIDw1
 .text.HAL_GetUIDw2
                0x0000000008002518        0xc ./Drivers/STM32WLxx_HAL_Driver/stm32wlxx_hal.o
                0x0000000008002518                HAL_GetUIDw2
 .text.HAL_DBGMCU_EnableDBGSleepMode
                0x0000000008002524       0x10 ./Drivers/STM32WLxx_HAL_Driver/stm32wlxx_hal.o
                0x0000000008002524                HAL_DBGMCU_EnableDBGSleepMode
 .text.HAL_DBGMCU_EnableDBGStopMode
                0x0000000008002534       0x10 ./Drivers/STM32WLxx_HAL_Driver/stm32wlxx_hal.o
                0x0000000008002534                HAL_DBGMCU_EnableDBGStopMode
 .text.HAL_DBGMCU_EnableDBGStandbyMode
                0x0000000008002544       0x10 ./Drivers/STM32WLxx_HAL_Driver/stm32wlxx_hal.o
                0x0000000008002544                HAL_DBGMCU_EnableDBGStandbyMode
 .text.LL_ADC_REG_IsConversionOngoing
                0x0000000008002554        0x8 ./Drivers/STM32WLxx_HAL_Driver/stm32wlxx_hal_adc.o
 .text.HAL_ADC_Init
                0x000000000800255c      0x200 ./Drivers/STM32WLxx_HAL_Driver/stm32wlxx_hal_adc.o
                0x000000000800255c                HAL_ADC_Init
 .text.HAL_ADC_PollForConversion
                0x000000000800275c       0xb4 ./Drivers/STM32WLxx_HAL_Driver/stm32wlxx_hal_adc.o
                0x000000000800275c                HAL_ADC_PollForConversion
 .text.HAL_ADC_GetValue
                0x0000000008002810        0x6 ./Drivers/STM32WLxx_HAL_Driver/stm32wlxx_hal_adc.o
                0x0000000008002810                HAL_ADC_GetValue
 *fill*         0x0000000008002816        0x2 
 .text.HAL_ADC_ConfigChannel
                0x0000000008002818      0x1b8 ./Drivers/STM32WLxx_HAL_Driver/stm32wlxx_hal_adc.o
                0x0000000008002818                HAL_ADC_ConfigChannel
 .text.ADC_ConversionStop
                0x00000000080029d0       0x5c ./Drivers/STM32WLxx_HAL_Driver/stm32wlxx_hal_adc.o
                0x00000000080029d0                ADC_ConversionStop
 .text.ADC_Enable
                0x0000000008002a2c       0xb4 ./Drivers/STM32WLxx_HAL_Driver/stm32wlxx_hal_adc.o
                0x0000000008002a2c                ADC_Enable
 .text.HAL_ADC_Start
                0x0000000008002ae0       0x5c ./Drivers/STM32WLxx_HAL_Driver/stm32wlxx_hal_adc.o
                0x0000000008002ae0                HAL_ADC_Start
 .text.ADC_Disable
                0x0000000008002b3c       0x68 ./Drivers/STM32WLxx_HAL_Driver/stm32wlxx_hal_adc.o
                0x0000000008002b3c                ADC_Disable
 .text.HAL_ADC_DeInit
                0x0000000008002ba4       0xac ./Drivers/STM32WLxx_HAL_Driver/stm32wlxx_hal_adc.o
                0x0000000008002ba4                HAL_ADC_DeInit
 .text.HAL_ADC_Stop
                0x0000000008002c50       0x3c ./Drivers/STM32WLxx_HAL_Driver/stm32wlxx_hal_adc.o
                0x0000000008002c50                HAL_ADC_Stop
 .text.HAL_ADCEx_Calibration_Start
                0x0000000008002c8c      0x118 ./Drivers/STM32WLxx_HAL_Driver/stm32wlxx_hal_adc_ex.o
                0x0000000008002c8c                HAL_ADCEx_Calibration_Start
 .text.HAL_NVIC_SetPriorityGrouping
                0x0000000008002da4       0x24 ./Drivers/STM32WLxx_HAL_Driver/stm32wlxx_hal_cortex.o
                0x0000000008002da4                HAL_NVIC_SetPriorityGrouping
 .text.HAL_NVIC_SetPriority
                0x0000000008002dc8       0x64 ./Drivers/STM32WLxx_HAL_Driver/stm32wlxx_hal_cortex.o
                0x0000000008002dc8                HAL_NVIC_SetPriority
 .text.HAL_NVIC_EnableIRQ
                0x0000000008002e2c       0x1c ./Drivers/STM32WLxx_HAL_Driver/stm32wlxx_hal_cortex.o
                0x0000000008002e2c                HAL_NVIC_EnableIRQ
 .text.HAL_NVIC_DisableIRQ
                0x0000000008002e48       0x24 ./Drivers/STM32WLxx_HAL_Driver/stm32wlxx_hal_cortex.o
                0x0000000008002e48                HAL_NVIC_DisableIRQ
 .text.DMA_SetConfig
                0x0000000008002e6c       0x34 ./Drivers/STM32WLxx_HAL_Driver/stm32wlxx_hal_dma.o
 .text.DMA_CalcDMAMUXChannelBaseAndMask
                0x0000000008002ea0       0x4c ./Drivers/STM32WLxx_HAL_Driver/stm32wlxx_hal_dma.o
 .text.HAL_DMA_Init
                0x0000000008002eec       0xe8 ./Drivers/STM32WLxx_HAL_Driver/stm32wlxx_hal_dma.o
                0x0000000008002eec                HAL_DMA_Init
 .text.HAL_DMA_DeInit
                0x0000000008002fd4       0xac ./Drivers/STM32WLxx_HAL_Driver/stm32wlxx_hal_dma.o
                0x0000000008002fd4                HAL_DMA_DeInit
 .text.HAL_DMA_Start_IT
                0x0000000008003080       0x88 ./Drivers/STM32WLxx_HAL_Driver/stm32wlxx_hal_dma.o
                0x0000000008003080                HAL_DMA_Start_IT
 .text.HAL_DMA_Abort
                0x0000000008003108       0x6a ./Drivers/STM32WLxx_HAL_Driver/stm32wlxx_hal_dma.o
                0x0000000008003108                HAL_DMA_Abort
 .text.HAL_DMA_Abort_IT
                0x0000000008003172       0x6e ./Drivers/STM32WLxx_HAL_Driver/stm32wlxx_hal_dma.o
                0x0000000008003172                HAL_DMA_Abort_IT
 .text.HAL_DMA_IRQHandler
                0x00000000080031e0       0xac ./Drivers/STM32WLxx_HAL_Driver/stm32wlxx_hal_dma.o
                0x00000000080031e0                HAL_DMA_IRQHandler
 .text.HAL_DMA_ConfigChannelAttributes
                0x000000000800328c       0x20 ./Drivers/STM32WLxx_HAL_Driver/stm32wlxx_hal_dma.o
                0x000000000800328c                HAL_DMA_ConfigChannelAttributes
 .text.FLASH_Program_Fast
                0x00000000080032ac       0x30 ./Drivers/STM32WLxx_HAL_Driver/stm32wlxx_hal_flash.o
 .text.HAL_FLASH_Unlock
                0x00000000080032dc       0x24 ./Drivers/STM32WLxx_HAL_Driver/stm32wlxx_hal_flash.o
                0x00000000080032dc                HAL_FLASH_Unlock
 .text.HAL_FLASH_Lock
                0x0000000008003300       0x18 ./Drivers/STM32WLxx_HAL_Driver/stm32wlxx_hal_flash.o
                0x0000000008003300                HAL_FLASH_Lock
 .text.FLASH_WaitForLastOperation
                0x0000000008003318       0x5c ./Drivers/STM32WLxx_HAL_Driver/stm32wlxx_hal_flash.o
                0x0000000008003318                FLASH_WaitForLastOperation
 .text.HAL_FLASH_Program
                0x0000000008003374       0x70 ./Drivers/STM32WLxx_HAL_Driver/stm32wlxx_hal_flash.o
                0x0000000008003374                HAL_FLASH_Program
 .text.FLASH_PageErase
                0x00000000080033e4       0x1c ./Drivers/STM32WLxx_HAL_Driver/stm32wlxx_hal_flash_ex.o
                0x00000000080033e4                FLASH_PageErase
 .text.HAL_FLASHEx_Erase
                0x0000000008003400       0x9c ./Drivers/STM32WLxx_HAL_Driver/stm32wlxx_hal_flash_ex.o
                0x0000000008003400                HAL_FLASHEx_Erase
 .text.HAL_GPIO_Init
                0x000000000800349c      0x158 ./Drivers/STM32WLxx_HAL_Driver/stm32wlxx_hal_gpio.o
                0x000000000800349c                HAL_GPIO_Init
 .text.HAL_GPIO_DeInit
                0x00000000080035f4       0xe8 ./Drivers/STM32WLxx_HAL_Driver/stm32wlxx_hal_gpio.o
                0x00000000080035f4                HAL_GPIO_DeInit
 .text.HAL_GPIO_WritePin
                0x00000000080036dc        0xa ./Drivers/STM32WLxx_HAL_Driver/stm32wlxx_hal_gpio.o
                0x00000000080036dc                HAL_GPIO_WritePin
 .text.HAL_GPIO_TogglePin
                0x00000000080036e6       0x12 ./Drivers/STM32WLxx_HAL_Driver/stm32wlxx_hal_gpio.o
                0x00000000080036e6                HAL_GPIO_TogglePin
 .text.HAL_GPIO_EXTI_IRQHandler
                0x00000000080036f8       0x18 ./Drivers/STM32WLxx_HAL_Driver/stm32wlxx_hal_gpio.o
                0x00000000080036f8                HAL_GPIO_EXTI_IRQHandler
 .text.HAL_PWR_EnableBkUpAccess
                0x0000000008003710       0x10 ./Drivers/STM32WLxx_HAL_Driver/stm32wlxx_hal_pwr.o
                0x0000000008003710                HAL_PWR_EnableBkUpAccess
 .text.HAL_PWR_EnterSLEEPMode
                0x0000000008003720       0x40 ./Drivers/STM32WLxx_HAL_Driver/stm32wlxx_hal_pwr.o
                0x0000000008003720                HAL_PWR_EnterSLEEPMode
 .text.HAL_PWREx_GetVoltageRange
                0x0000000008003760       0x10 ./Drivers/STM32WLxx_HAL_Driver/stm32wlxx_hal_pwr_ex.o
                0x0000000008003760                HAL_PWREx_GetVoltageRange
 .text.HAL_PWREx_EnableLowPowerRunMode
                0x0000000008003770       0x10 ./Drivers/STM32WLxx_HAL_Driver/stm32wlxx_hal_pwr_ex.o
                0x0000000008003770                HAL_PWREx_EnableLowPowerRunMode
 .text.HAL_PWREx_DisableLowPowerRunMode
                0x0000000008003780       0x40 ./Drivers/STM32WLxx_HAL_Driver/stm32wlxx_hal_pwr_ex.o
                0x0000000008003780                HAL_PWREx_DisableLowPowerRunMode
 .text.HAL_PWREx_EnterSTOP2Mode
                0x00000000080037c0       0x38 ./Drivers/STM32WLxx_HAL_Driver/stm32wlxx_hal_pwr_ex.o
                0x00000000080037c0                HAL_PWREx_EnterSTOP2Mode
 .text.LL_RCC_HSE_IsReady
                0x00000000080037f8        0xc ./Drivers/STM32WLxx_HAL_Driver/stm32wlxx_hal_rcc.o
 .text.LL_RCC_MSI_IsReady
                0x0000000008003804        0xc ./Drivers/STM32WLxx_HAL_Driver/stm32wlxx_hal_rcc.o
 .text.LL_RCC_MSI_SetCalibTrimming
                0x0000000008003810       0x12 ./Drivers/STM32WLxx_HAL_Driver/stm32wlxx_hal_rcc.o
 .text.LL_RCC_PLL_IsReady
                0x0000000008003822        0xc ./Drivers/STM32WLxx_HAL_Driver/stm32wlxx_hal_rcc.o
 *fill*         0x000000000800382e        0x2 
 .text.RCC_SetFlashLatencyFromMSIRange
                0x0000000008003830       0xd4 ./Drivers/STM32WLxx_HAL_Driver/stm32wlxx_hal_rcc.o
 .text.HAL_RCC_GetSysClockFreq
                0x0000000008003904       0xdc ./Drivers/STM32WLxx_HAL_Driver/stm32wlxx_hal_rcc.o
                0x0000000008003904                HAL_RCC_GetSysClockFreq
 .text.HAL_RCC_GetHCLKFreq
                0x00000000080039e0       0x20 ./Drivers/STM32WLxx_HAL_Driver/stm32wlxx_hal_rcc.o
                0x00000000080039e0                HAL_RCC_GetHCLKFreq
 .text.HAL_RCC_OscConfig
                0x0000000008003a00      0x534 ./Drivers/STM32WLxx_HAL_Driver/stm32wlxx_hal_rcc.o
                0x0000000008003a00                HAL_RCC_OscConfig
 .text.HAL_RCC_ClockConfig
                0x0000000008003f34      0x1f4 ./Drivers/STM32WLxx_HAL_Driver/stm32wlxx_hal_rcc.o
                0x0000000008003f34                HAL_RCC_ClockConfig
 .text.HAL_RCC_GetPCLK1Freq
                0x0000000008004128       0x20 ./Drivers/STM32WLxx_HAL_Driver/stm32wlxx_hal_rcc.o
                0x0000000008004128                HAL_RCC_GetPCLK1Freq
 .text.HAL_RCC_GetPCLK2Freq
                0x0000000008004148       0x20 ./Drivers/STM32WLxx_HAL_Driver/stm32wlxx_hal_rcc.o
                0x0000000008004148                HAL_RCC_GetPCLK2Freq
 .text.LL_RCC_LSE_IsReady
                0x0000000008004168        0xe ./Drivers/STM32WLxx_HAL_Driver/stm32wlxx_hal_rcc_ex.o
 .text.LL_RCC_SetI2CClockSource
                0x0000000008004176       0x20 ./Drivers/STM32WLxx_HAL_Driver/stm32wlxx_hal_rcc_ex.o
 .text.LL_RCC_SetLPTIMClockSource
                0x0000000008004196       0x1a ./Drivers/STM32WLxx_HAL_Driver/stm32wlxx_hal_rcc_ex.o
 .text.HAL_RCCEx_PeriphCLKConfig
                0x00000000080041b0      0x1a0 ./Drivers/STM32WLxx_HAL_Driver/stm32wlxx_hal_rcc_ex.o
                0x00000000080041b0                HAL_RCCEx_PeriphCLKConfig
 .text.HAL_RTC_DeactivateAlarm
                0x0000000008004350       0x74 ./Drivers/STM32WLxx_HAL_Driver/stm32wlxx_hal_rtc.o
                0x0000000008004350                HAL_RTC_DeactivateAlarm
 .text.HAL_RTC_AlarmIRQHandler
                0x00000000080043c4       0x34 ./Drivers/STM32WLxx_HAL_Driver/stm32wlxx_hal_rtc.o
                0x00000000080043c4                HAL_RTC_AlarmIRQHandler
 .text.HAL_RTC_WaitForSynchro
                0x00000000080043f8       0x30 ./Drivers/STM32WLxx_HAL_Driver/stm32wlxx_hal_rtc.o
                0x00000000080043f8                HAL_RTC_WaitForSynchro
 .text.RTC_EnterInitMode
                0x0000000008004428       0x50 ./Drivers/STM32WLxx_HAL_Driver/stm32wlxx_hal_rtc.o
                0x0000000008004428                RTC_EnterInitMode
 .text.RTC_ExitInitMode
                0x0000000008004478       0x44 ./Drivers/STM32WLxx_HAL_Driver/stm32wlxx_hal_rtc.o
                0x0000000008004478                RTC_ExitInitMode
 .text.HAL_RTC_Init
                0x00000000080044bc       0xa8 ./Drivers/STM32WLxx_HAL_Driver/stm32wlxx_hal_rtc.o
                0x00000000080044bc                HAL_RTC_Init
 .text.RTC_ByteToBcd2
                0x0000000008004564       0x16 ./Drivers/STM32WLxx_HAL_Driver/stm32wlxx_hal_rtc.o
                0x0000000008004564                RTC_ByteToBcd2
 *fill*         0x000000000800457a        0x2 
 .text.HAL_RTC_SetAlarm_IT
                0x000000000800457c      0x15c ./Drivers/STM32WLxx_HAL_Driver/stm32wlxx_hal_rtc.o
                0x000000000800457c                HAL_RTC_SetAlarm_IT
 .text.HAL_RTCEx_EnableBypassShadow
                0x00000000080046d8       0x3c ./Drivers/STM32WLxx_HAL_Driver/stm32wlxx_hal_rtc_ex.o
                0x00000000080046d8                HAL_RTCEx_EnableBypassShadow
 .text.HAL_RTCEx_SetSSRU_IT
                0x0000000008004714       0x4c ./Drivers/STM32WLxx_HAL_Driver/stm32wlxx_hal_rtc_ex.o
                0x0000000008004714                HAL_RTCEx_SetSSRU_IT
 .text.HAL_RTCEx_SSRUIRQHandler
                0x0000000008004760       0x20 ./Drivers/STM32WLxx_HAL_Driver/stm32wlxx_hal_rtc_ex.o
                0x0000000008004760                HAL_RTCEx_SSRUIRQHandler
 .text.HAL_RTCEx_AlarmBEventCallback
                0x0000000008004780        0x2 ./Drivers/STM32WLxx_HAL_Driver/stm32wlxx_hal_rtc_ex.o
                0x0000000008004780                HAL_RTCEx_AlarmBEventCallback
 .text.HAL_RTCEx_BKUPWrite
                0x0000000008004782        0xe ./Drivers/STM32WLxx_HAL_Driver/stm32wlxx_hal_rtc_ex.o
                0x0000000008004782                HAL_RTCEx_BKUPWrite
 .text.HAL_RTCEx_BKUPRead
                0x0000000008004790        0xe ./Drivers/STM32WLxx_HAL_Driver/stm32wlxx_hal_rtc_ex.o
                0x0000000008004790                HAL_RTCEx_BKUPRead
 *fill*         0x000000000800479e        0x2 
 .text.LL_PWR_UnselectSUBGHZSPI_NSS
                0x00000000080047a0       0x14 ./Drivers/STM32WLxx_HAL_Driver/stm32wlxx_hal_subghz.o
 .text.LL_PWR_SelectSUBGHZSPI_NSS
                0x00000000080047b4       0x14 ./Drivers/STM32WLxx_HAL_Driver/stm32wlxx_hal_subghz.o
 .text.SUBGHZSPI_Init
                0x00000000080047c8       0x24 ./Drivers/STM32WLxx_HAL_Driver/stm32wlxx_hal_subghz.o
                0x00000000080047c8                SUBGHZSPI_Init
 .text.HAL_SUBGHZ_Init
                0x00000000080047ec       0xb8 ./Drivers/STM32WLxx_HAL_Driver/stm32wlxx_hal_subghz.o
                0x00000000080047ec                HAL_SUBGHZ_Init
 .text.SUBGHZSPI_Transmit
                0x00000000080048a4       0x68 ./Drivers/STM32WLxx_HAL_Driver/stm32wlxx_hal_subghz.o
                0x00000000080048a4                SUBGHZSPI_Transmit
 .text.SUBGHZSPI_Receive
                0x000000000800490c       0x6c ./Drivers/STM32WLxx_HAL_Driver/stm32wlxx_hal_subghz.o
                0x000000000800490c                SUBGHZSPI_Receive
 .text.SUBGHZ_WaitOnBusy
                0x0000000008004978       0x48 ./Drivers/STM32WLxx_HAL_Driver/stm32wlxx_hal_subghz.o
                0x0000000008004978                SUBGHZ_WaitOnBusy
 .text.SUBGHZ_CheckDeviceReady
                0x00000000080049c0       0x38 ./Drivers/STM32WLxx_HAL_Driver/stm32wlxx_hal_subghz.o
                0x00000000080049c0                SUBGHZ_CheckDeviceReady
 .text.HAL_SUBGHZ_WriteRegisters
                0x00000000080049f8       0x72 ./Drivers/STM32WLxx_HAL_Driver/stm32wlxx_hal_subghz.o
                0x00000000080049f8                HAL_SUBGHZ_WriteRegisters
 .text.HAL_SUBGHZ_ReadRegisters
                0x0000000008004a6a       0x76 ./Drivers/STM32WLxx_HAL_Driver/stm32wlxx_hal_subghz.o
                0x0000000008004a6a                HAL_SUBGHZ_ReadRegisters
 .text.HAL_SUBGHZ_ExecSetCmd
                0x0000000008004ae0       0x70 ./Drivers/STM32WLxx_HAL_Driver/stm32wlxx_hal_subghz.o
                0x0000000008004ae0                HAL_SUBGHZ_ExecSetCmd
 .text.HAL_SUBGHZ_ExecGetCmd
                0x0000000008004b50       0x66 ./Drivers/STM32WLxx_HAL_Driver/stm32wlxx_hal_subghz.o
                0x0000000008004b50                HAL_SUBGHZ_ExecGetCmd
 .text.HAL_SUBGHZ_IRQHandler
                0x0000000008004bb6       0x98 ./Drivers/STM32WLxx_HAL_Driver/stm32wlxx_hal_subghz.o
                0x0000000008004bb6                HAL_SUBGHZ_IRQHandler
 .text.HAL_SUBGHZ_WriteBuffer
                0x0000000008004c4e       0x66 ./Drivers/STM32WLxx_HAL_Driver/stm32wlxx_hal_subghz.o
                0x0000000008004c4e                HAL_SUBGHZ_WriteBuffer
 .text.HAL_SUBGHZ_ReadBuffer
                0x0000000008004cb4       0x6e ./Drivers/STM32WLxx_HAL_Driver/stm32wlxx_hal_subghz.o
                0x0000000008004cb4                HAL_SUBGHZ_ReadBuffer
 .text.UART_EndTxTransfer
                0x0000000008004d22       0x34 ./Drivers/STM32WLxx_HAL_Driver/stm32wlxx_hal_uart.o
 *fill*         0x0000000008004d56        0x2 
 .text.UART_EndRxTransfer
                0x0000000008004d58       0x58 ./Drivers/STM32WLxx_HAL_Driver/stm32wlxx_hal_uart.o
 .text.HAL_UART_Transmit_DMA
                0x0000000008004db0       0x84 ./Drivers/STM32WLxx_HAL_Driver/stm32wlxx_hal_uart.o
                0x0000000008004db0                HAL_UART_Transmit_DMA
 .text.UART_DMATransmitCplt
                0x0000000008004e34       0x46 ./Drivers/STM32WLxx_HAL_Driver/stm32wlxx_hal_uart.o
 .text.HAL_UART_TxHalfCpltCallback
                0x0000000008004e7a        0x2 ./Drivers/STM32WLxx_HAL_Driver/stm32wlxx_hal_uart.o
                0x0000000008004e7a                HAL_UART_TxHalfCpltCallback
 .text.UART_DMATxHalfCplt
                0x0000000008004e7c        0xa ./Drivers/STM32WLxx_HAL_Driver/stm32wlxx_hal_uart.o
 .text.HAL_UART_ErrorCallback
                0x0000000008004e86        0x2 ./Drivers/STM32WLxx_HAL_Driver/stm32wlxx_hal_uart.o
                0x0000000008004e86                HAL_UART_ErrorCallback
 .text.UART_DMAError
                0x0000000008004e88       0x48 ./Drivers/STM32WLxx_HAL_Driver/stm32wlxx_hal_uart.o
 .text.UART_DMAAbortOnError
                0x0000000008004ed0       0x14 ./Drivers/STM32WLxx_HAL_Driver/stm32wlxx_hal_uart.o
 .text.HAL_UARTEx_RxEventCallback
                0x0000000008004ee4        0x2 ./Drivers/STM32WLxx_HAL_Driver/stm32wlxx_hal_uart.o
                0x0000000008004ee4                HAL_UARTEx_RxEventCallback
 *fill*         0x0000000008004ee6        0x2 
 .text.HAL_UART_IRQHandler
                0x0000000008004ee8      0x2f8 ./Drivers/STM32WLxx_HAL_Driver/stm32wlxx_hal_uart.o
                0x0000000008004ee8                HAL_UART_IRQHandler
 .text.UART_RxISR_8BIT
                0x00000000080051e0       0xcc ./Drivers/STM32WLxx_HAL_Driver/stm32wlxx_hal_uart.o
 .text.UART_RxISR_16BIT
                0x00000000080052ac       0xc4 ./Drivers/STM32WLxx_HAL_Driver/stm32wlxx_hal_uart.o
 .text.UART_RxISR_8BIT_FIFOEN
                0x0000000008005370      0x19c ./Drivers/STM32WLxx_HAL_Driver/stm32wlxx_hal_uart.o
 .text.UART_RxISR_16BIT_FIFOEN
                0x000000000800550c      0x198 ./Drivers/STM32WLxx_HAL_Driver/stm32wlxx_hal_uart.o
 .text.UART_SetConfig
                0x00000000080056a4      0x230 ./Drivers/STM32WLxx_HAL_Driver/stm32wlxx_hal_uart.o
                0x00000000080056a4                UART_SetConfig
 .text.UART_AdvFeatureConfig
                0x00000000080058d4       0xa8 ./Drivers/STM32WLxx_HAL_Driver/stm32wlxx_hal_uart.o
                0x00000000080058d4                UART_AdvFeatureConfig
 .text.UART_WaitOnFlagUntilTimeout
                0x000000000800597c       0xc4 ./Drivers/STM32WLxx_HAL_Driver/stm32wlxx_hal_uart.o
                0x000000000800597c                UART_WaitOnFlagUntilTimeout
 .text.UART_CheckIdleState
                0x0000000008005a40       0x6a ./Drivers/STM32WLxx_HAL_Driver/stm32wlxx_hal_uart.o
                0x0000000008005a40                UART_CheckIdleState
 .text.HAL_UART_Init
                0x0000000008005aaa       0x60 ./Drivers/STM32WLxx_HAL_Driver/stm32wlxx_hal_uart.o
                0x0000000008005aaa                HAL_UART_Init
 *fill*         0x0000000008005b0a        0x2 
 .text.UART_Start_Receive_IT
                0x0000000008005b0c      0x110 ./Drivers/STM32WLxx_HAL_Driver/stm32wlxx_hal_uart.o
                0x0000000008005b0c                UART_Start_Receive_IT
 .text.HAL_UART_Receive_IT
                0x0000000008005c1c       0x44 ./Drivers/STM32WLxx_HAL_Driver/stm32wlxx_hal_uart.o
                0x0000000008005c1c                HAL_UART_Receive_IT
 .text.UARTEx_SetNbDataToProcess
                0x0000000008005c60       0x44 ./Drivers/STM32WLxx_HAL_Driver/stm32wlxx_hal_uart_ex.o
 .text.HAL_UARTEx_WakeupCallback
                0x0000000008005ca4        0x2 ./Drivers/STM32WLxx_HAL_Driver/stm32wlxx_hal_uart_ex.o
                0x0000000008005ca4                HAL_UARTEx_WakeupCallback
 .text.HAL_UARTEx_RxFifoFullCallback
                0x0000000008005ca6        0x2 ./Drivers/STM32WLxx_HAL_Driver/stm32wlxx_hal_uart_ex.o
                0x0000000008005ca6                HAL_UARTEx_RxFifoFullCallback
 .text.HAL_UARTEx_TxFifoEmptyCallback
                0x0000000008005ca8        0x2 ./Drivers/STM32WLxx_HAL_Driver/stm32wlxx_hal_uart_ex.o
                0x0000000008005ca8                HAL_UARTEx_TxFifoEmptyCallback
 .text.HAL_UARTEx_StopModeWakeUpSourceConfig
                0x0000000008005caa       0x8c ./Drivers/STM32WLxx_HAL_Driver/stm32wlxx_hal_uart_ex.o
                0x0000000008005caa                HAL_UARTEx_StopModeWakeUpSourceConfig
 .text.HAL_UARTEx_EnableStopMode
                0x0000000008005d36       0x2c ./Drivers/STM32WLxx_HAL_Driver/stm32wlxx_hal_uart_ex.o
                0x0000000008005d36                HAL_UARTEx_EnableStopMode
 .text.HAL_UARTEx_EnableFifoMode
                0x0000000008005d62       0x40 ./Drivers/STM32WLxx_HAL_Driver/stm32wlxx_hal_uart_ex.o
                0x0000000008005d62                HAL_UARTEx_EnableFifoMode
 .text.HAL_UARTEx_SetTxFifoThreshold
                0x0000000008005da2       0x40 ./Drivers/STM32WLxx_HAL_Driver/stm32wlxx_hal_uart_ex.o
                0x0000000008005da2                HAL_UARTEx_SetTxFifoThreshold
 .text.HAL_UARTEx_SetRxFifoThreshold
                0x0000000008005de2       0x40 ./Drivers/STM32WLxx_HAL_Driver/stm32wlxx_hal_uart_ex.o
                0x0000000008005de2                HAL_UARTEx_SetRxFifoThreshold
 *fill*         0x0000000008005e22        0x2 
 .text.LmHandlerPackageIsTxPending
                0x0000000008005e24       0x2c ./Middlewares/LoRaWAN/LmHandler.o
 .text.LmHandlerDeviceTimeReq
                0x0000000008005e50       0x28 ./Middlewares/LoRaWAN/LmHandler.o
                0x0000000008005e50                LmHandlerDeviceTimeReq
 .text.MlmeIndication
                0x0000000008005e78       0x64 ./Middlewares/LoRaWAN/LmHandler.o
 .text.McpsConfirm
                0x0000000008005edc       0x58 ./Middlewares/LoRaWAN/LmHandler.o
 .text.LmHandlerProcess
                0x0000000008005f34       0x3c ./Middlewares/LoRaWAN/LmHandler.o
                0x0000000008005f34                LmHandlerProcess
 .text.LmHandlerGetDutyCycleWaitTime
                0x0000000008005f70        0xc ./Middlewares/LoRaWAN/LmHandler.o
                0x0000000008005f70                LmHandlerGetDutyCycleWaitTime
 .text.LmHandlerJoinStatus
                0x0000000008005f7c       0x26 ./Middlewares/LoRaWAN/LmHandler.o
                0x0000000008005f7c                LmHandlerJoinStatus
 *fill*         0x0000000008005fa2        0x2 
 .text.LmHandlerRequestClass
                0x0000000008005fa4       0x94 ./Middlewares/LoRaWAN/LmHandler.o
                0x0000000008005fa4                LmHandlerRequestClass
 .text.LmHandlerJoin
                0x0000000008006038       0xe0 ./Middlewares/LoRaWAN/LmHandler.o
                0x0000000008006038                LmHandlerJoin
 .text.LmHandlerIsBusy
                0x0000000008006118       0x3c ./Middlewares/LoRaWAN/LmHandler.o
                0x0000000008006118                LmHandlerIsBusy
 .text.LmHandlerSend
                0x0000000008006154      0x150 ./Middlewares/LoRaWAN/LmHandler.o
                0x0000000008006154                LmHandlerSend
 .text.LmHandlerGetCurrentClass
                0x00000000080062a4       0x28 ./Middlewares/LoRaWAN/LmHandler.o
                0x00000000080062a4                LmHandlerGetCurrentClass
 .text.McpsIndication
                0x00000000080062cc       0xc0 ./Middlewares/LoRaWAN/LmHandler.o
 .text.LmHandlerGetTxDatarate
                0x000000000800638c       0x30 ./Middlewares/LoRaWAN/LmHandler.o
                0x000000000800638c                LmHandlerGetTxDatarate
 .text.LmHandlerSetSystemMaxRxError
                0x00000000080063bc       0x20 ./Middlewares/LoRaWAN/LmHandler.o
                0x00000000080063bc                LmHandlerSetSystemMaxRxError
 .text.LmHandlerConfigure
                0x00000000080063dc      0x1ac ./Middlewares/LoRaWAN/LmHandler.o
                0x00000000080063dc                LmHandlerConfigure
 .text.LmHandlerPackageRegister
                0x0000000008006588       0x68 ./Middlewares/LoRaWAN/LmHandler.o
                0x0000000008006588                LmHandlerPackageRegister
 .text.LmHandlerInit
                0x00000000080065f0       0x7c ./Middlewares/LoRaWAN/LmHandler.o
                0x00000000080065f0                LmHandlerInit
 .text.LmHandlerGetVersion
                0x000000000800666c       0x28 ./Middlewares/LoRaWAN/LmHandler.o
                0x000000000800666c                LmHandlerGetVersion
 .text.LmHandlerStop
                0x0000000008006694       0x12 ./Middlewares/LoRaWAN/LmHandler.o
                0x0000000008006694                LmHandlerStop
 .text.LmHandlerHalt
                0x00000000080066a6       0x12 ./Middlewares/LoRaWAN/LmHandler.o
                0x00000000080066a6                LmHandlerHalt
 .text.LmHandlerGetTxPower
                0x00000000080066b8       0x30 ./Middlewares/LoRaWAN/LmHandler.o
                0x00000000080066b8                LmHandlerGetTxPower
 .text.MlmeConfirm
                0x00000000080066e8       0xe8 ./Middlewares/LoRaWAN/LmHandler.o
 .text.LmHandlerNvmDataStore
                0x00000000080067d0       0x68 ./Middlewares/LoRaWAN/LmHandler.o
                0x00000000080067d0                LmHandlerNvmDataStore
 .text.LmhpComplianceInit
                0x0000000008006838       0x24 ./Middlewares/LoRaWAN/LmhpCompliance.o
 .text.LmhpComplianceIsInitialized
                0x000000000800685c        0xc ./Middlewares/LoRaWAN/LmhpCompliance.o
 .text.LmhpComplianceIsRunning
                0x0000000008006868       0x10 ./Middlewares/LoRaWAN/LmhpCompliance.o
 .text.LmhpComplianceProcess
                0x0000000008006878        0x2 ./Middlewares/LoRaWAN/LmhpCompliance.o
 *fill*         0x000000000800687a        0x2 
 .text.LmhpComplianceOnMcpsConfirm
                0x000000000800687c       0x20 ./Middlewares/LoRaWAN/LmhpCompliance.o
 .text.LmhpComplianceOnMlmeConfirm
                0x000000000800689c       0x24 ./Middlewares/LoRaWAN/LmhpCompliance.o
 .text.LmhpComplianceTxProcess.isra.0
                0x00000000080068c0       0x78 ./Middlewares/LoRaWAN/LmhpCompliance.o
 .text.OnComplianceTxNextPacketTimerEvent
                0x0000000008006938        0x4 ./Middlewares/LoRaWAN/LmhpCompliance.o
 .text.LmhpComplianceOnMcpsIndication
                0x000000000800693c      0x1fc ./Middlewares/LoRaWAN/LmhpCompliance.o
 .text.LmhpCompliancePackageFactory
                0x0000000008006b38        0x8 ./Middlewares/LoRaWAN/LmhpCompliance.o
                0x0000000008006b38                LmhpCompliancePackageFactory
 .text.LmhpPackagesRegistrationInit
                0x0000000008006b40        0x4 ./Middlewares/LoRaWAN/LmhpPackagesRegistration.o
                0x0000000008006b40                LmhpPackagesRegistrationInit
 .text.LmhpPackagesRegister
                0x0000000008006b44        0x6 ./Middlewares/LoRaWAN/LmhpPackagesRegistration.o
                0x0000000008006b44                LmhpPackagesRegister
 *fill*         0x0000000008006b4a        0x2 
 .text.UpdateRxSlotIdleState
                0x0000000008006b4c       0x1c ./Middlewares/LoRaWAN/LoRaMac.o
 .text.OnMacProcessNotify
                0x0000000008006b68       0x14 ./Middlewares/LoRaWAN/LoRaMac.o
 .text.OnRadioRxError
                0x0000000008006b7c       0x14 ./Middlewares/LoRaWAN/LoRaMac.o
 .text.GetMaxAppPayloadWithoutFOptsLength
                0x0000000008006b90       0x30 ./Middlewares/LoRaWAN/LoRaMac.o
 .text.OnAckTimeoutTimerEvent
                0x0000000008006bc0       0x40 ./Middlewares/LoRaWAN/LoRaMac.o
 .text.PrepareRxDoneAbort
                0x0000000008006c00       0x38 ./Middlewares/LoRaWAN/LoRaMac.o
 .text.HandleRadioRxErrorTimeout
                0x0000000008006c38       0xc8 ./Middlewares/LoRaWAN/LoRaMac.o
 .text.OnRadioRxTimeout
                0x0000000008006d00       0x28 ./Middlewares/LoRaWAN/LoRaMac.o
 .text.OnRadioTxTimeout
                0x0000000008006d28       0x28 ./Middlewares/LoRaWAN/LoRaMac.o
 .text.OnRadioRxDone
                0x0000000008006d50       0x48 ./Middlewares/LoRaWAN/LoRaMac.o
 .text.OnRadioTxDone
                0x0000000008006d98       0x4c ./Middlewares/LoRaWAN/LoRaMac.o
 .text.ScheduleTx
                0x0000000008006de4      0x2ec ./Middlewares/LoRaWAN/LoRaMac.o
 .text.OpenContinuousRxCWindow
                0x00000000080070d0       0x60 ./Middlewares/LoRaWAN/LoRaMac.o
 .text.SwitchClass
                0x0000000008007130       0xdc ./Middlewares/LoRaWAN/LoRaMac.o
 .text.ResetMacParameters.constprop.0
                0x000000000800720c      0x138 ./Middlewares/LoRaWAN/LoRaMac.o
 .text.RxWindowSetup.constprop.0
                0x0000000008007344       0x44 ./Middlewares/LoRaWAN/LoRaMac.o
 .text.OnRxWindow1TimerEvent
                0x0000000008007388       0x40 ./Middlewares/LoRaWAN/LoRaMac.o
 .text.OnRxWindow2TimerEvent
                0x00000000080073c8       0x48 ./Middlewares/LoRaWAN/LoRaMac.o
 .text.LoRaMacHandleNvm.part.0.constprop.0
                0x0000000008007410       0xf4 ./Middlewares/LoRaWAN/LoRaMac.o
 .text.ProcessMacCommands.constprop.0
                0x0000000008007504      0x588 ./Middlewares/LoRaWAN/LoRaMac.o
 .text.StopRetransmission.isra.0
                0x0000000008007a8c       0x44 ./Middlewares/LoRaWAN/LoRaMac.o
 .text.OnTxDelayedTimerEvent
                0x0000000008007ad0       0x54 ./Middlewares/LoRaWAN/LoRaMac.o
 .text.LoRaMacIsBusy
                0x0000000008007b24       0x24 ./Middlewares/LoRaWAN/LoRaMac.o
                0x0000000008007b24                LoRaMacIsBusy
 .text.LoRaMacIsStopped
                0x0000000008007b48       0x14 ./Middlewares/LoRaWAN/LoRaMac.o
                0x0000000008007b48                LoRaMacIsStopped
 .text.LoRaMacProcess
                0x0000000008007b5c      0x8d8 ./Middlewares/LoRaWAN/LoRaMac.o
                0x0000000008007b5c                LoRaMacProcess
 .text.LoRaMacInitialization
                0x0000000008008434      0x370 ./Middlewares/LoRaWAN/LoRaMac.o
                0x0000000008008434                LoRaMacInitialization
 .text.LoRaMacStart
                0x00000000080087a4       0x14 ./Middlewares/LoRaWAN/LoRaMac.o
                0x00000000080087a4                LoRaMacStart
 .text.LoRaMacStop
                0x00000000080087b8       0x3c ./Middlewares/LoRaWAN/LoRaMac.o
                0x00000000080087b8                LoRaMacStop
 .text.LoRaMacHalt
                0x00000000080087f4       0x60 ./Middlewares/LoRaWAN/LoRaMac.o
                0x00000000080087f4                LoRaMacHalt
 .text.LoRaMacQueryTxPossible
                0x0000000008008854       0xb0 ./Middlewares/LoRaWAN/LoRaMac.o
                0x0000000008008854                LoRaMacQueryTxPossible
 .text.LoRaMacMibGetRequestConfirm
                0x0000000008008904      0x224 ./Middlewares/LoRaWAN/LoRaMac.o
                0x0000000008008904                LoRaMacMibGetRequestConfirm
 .text.LoRaMacMibSetRequestConfirm
                0x0000000008008b28      0x4e8 ./Middlewares/LoRaWAN/LoRaMac.o
                0x0000000008008b28                LoRaMacMibSetRequestConfirm
 .text.LoRaMacMlmeRequest
                0x0000000008009010      0x1f0 ./Middlewares/LoRaWAN/LoRaMac.o
                0x0000000008009010                LoRaMacMlmeRequest
 .text.LoRaMacMcpsRequest
                0x0000000008009200      0x314 ./Middlewares/LoRaWAN/LoRaMac.o
                0x0000000008009200                LoRaMacMcpsRequest
 .text.LoRaMacTestSetDutyCycleOn
                0x0000000008009514       0x38 ./Middlewares/LoRaWAN/LoRaMac.o
                0x0000000008009514                LoRaMacTestSetDutyCycleOn
 .text.LoRaMacDeInitialization
                0x000000000800954c       0x4c ./Middlewares/LoRaWAN/LoRaMac.o
                0x000000000800954c                LoRaMacDeInitialization
 .text.LoRaMacAdrCalcNext
                0x0000000008009598       0xdc ./Middlewares/LoRaWAN/LoRaMacAdr.o
                0x0000000008009598                LoRaMacAdrCalcNext
 .text.LoRaMacClassBInit
                0x0000000008009674        0x2 ./Middlewares/LoRaWAN/LoRaMacClassB.o
                0x0000000008009674                LoRaMacClassBInit
 .text.LoRaMacClassBSetBeaconState
                0x0000000008009676        0x2 ./Middlewares/LoRaWAN/LoRaMacClassB.o
                0x0000000008009676                LoRaMacClassBSetBeaconState
 .text.LoRaMacClassBSetPingSlotState
                0x0000000008009678        0x2 ./Middlewares/LoRaWAN/LoRaMacClassB.o
                0x0000000008009678                LoRaMacClassBSetPingSlotState
 .text.LoRaMacClassBSetMulticastSlotState
                0x000000000800967a        0x2 ./Middlewares/LoRaWAN/LoRaMacClassB.o
                0x000000000800967a                LoRaMacClassBSetMulticastSlotState
 .text.LoRaMacClassBIsAcquisitionInProgress
                0x000000000800967c        0x4 ./Middlewares/LoRaWAN/LoRaMacClassB.o
                0x000000000800967c                LoRaMacClassBIsAcquisitionInProgress
 .text.LoRaMacClassBBeaconTimerEvent
                0x0000000008009680        0x2 ./Middlewares/LoRaWAN/LoRaMacClassB.o
                0x0000000008009680                LoRaMacClassBBeaconTimerEvent
 .text.LoRaMacClassBPingSlotTimerEvent
                0x0000000008009682        0x2 ./Middlewares/LoRaWAN/LoRaMacClassB.o
                0x0000000008009682                LoRaMacClassBPingSlotTimerEvent
 .text.LoRaMacClassBMulticastSlotTimerEvent
                0x0000000008009684        0x2 ./Middlewares/LoRaWAN/LoRaMacClassB.o
                0x0000000008009684                LoRaMacClassBMulticastSlotTimerEvent
 .text.LoRaMacClassBRxBeacon
                0x0000000008009686        0x4 ./Middlewares/LoRaWAN/LoRaMacClassB.o
                0x0000000008009686                LoRaMacClassBRxBeacon
 .text.LoRaMacClassBIsBeaconExpected
                0x000000000800968a        0x4 ./Middlewares/LoRaWAN/LoRaMacClassB.o
                0x000000000800968a                LoRaMacClassBIsBeaconExpected
 .text.LoRaMacClassBIsPingExpected
                0x000000000800968e        0x4 ./Middlewares/LoRaWAN/LoRaMacClassB.o
                0x000000000800968e                LoRaMacClassBIsPingExpected
 .text.LoRaMacClassBIsMulticastExpected
                0x0000000008009692        0x4 ./Middlewares/LoRaWAN/LoRaMacClassB.o
                0x0000000008009692                LoRaMacClassBIsMulticastExpected
 .text.LoRaMacClassBIsBeaconModeActive
                0x0000000008009696        0x4 ./Middlewares/LoRaWAN/LoRaMacClassB.o
                0x0000000008009696                LoRaMacClassBIsBeaconModeActive
 .text.LoRaMacClassBSetPingSlotInfo
                0x000000000800969a        0x2 ./Middlewares/LoRaWAN/LoRaMacClassB.o
                0x000000000800969a                LoRaMacClassBSetPingSlotInfo
 .text.LoRaMacClassBHaltBeaconing
                0x000000000800969c        0x2 ./Middlewares/LoRaWAN/LoRaMacClassB.o
                0x000000000800969c                LoRaMacClassBHaltBeaconing
 .text.LoRaMacClassBResumeBeaconing
                0x000000000800969e        0x2 ./Middlewares/LoRaWAN/LoRaMacClassB.o
                0x000000000800969e                LoRaMacClassBResumeBeaconing
 .text.LoRaMacClassBSwitchClass
                0x00000000080096a0        0x4 ./Middlewares/LoRaWAN/LoRaMacClassB.o
                0x00000000080096a0                LoRaMacClassBSwitchClass
 .text.LoRaMacClassBMibGetRequestConfirm
                0x00000000080096a4        0x4 ./Middlewares/LoRaWAN/LoRaMacClassB.o
                0x00000000080096a4                LoRaMacClassBMibGetRequestConfirm
 .text.LoRaMacMibClassBSetRequestConfirm
                0x00000000080096a8        0x4 ./Middlewares/LoRaWAN/LoRaMacClassB.o
                0x00000000080096a8                LoRaMacMibClassBSetRequestConfirm
 .text.LoRaMacClassBPingSlotInfoAns
                0x00000000080096ac        0x2 ./Middlewares/LoRaWAN/LoRaMacClassB.o
                0x00000000080096ac                LoRaMacClassBPingSlotInfoAns
 .text.LoRaMacClassBPingSlotChannelReq
                0x00000000080096ae        0x4 ./Middlewares/LoRaWAN/LoRaMacClassB.o
                0x00000000080096ae                LoRaMacClassBPingSlotChannelReq
 .text.LoRaMacClassBBeaconTimingAns
                0x00000000080096b2        0x2 ./Middlewares/LoRaWAN/LoRaMacClassB.o
                0x00000000080096b2                LoRaMacClassBBeaconTimingAns
 .text.LoRaMacClassBDeviceTimeAns
                0x00000000080096b4        0x2 ./Middlewares/LoRaWAN/LoRaMacClassB.o
                0x00000000080096b4                LoRaMacClassBDeviceTimeAns
 .text.LoRaMacClassBBeaconFreqReq
                0x00000000080096b6        0x4 ./Middlewares/LoRaWAN/LoRaMacClassB.o
                0x00000000080096b6                LoRaMacClassBBeaconFreqReq
 .text.LoRaMacClassBIsUplinkCollision
                0x00000000080096ba        0x4 ./Middlewares/LoRaWAN/LoRaMacClassB.o
                0x00000000080096ba                LoRaMacClassBIsUplinkCollision
 .text.LoRaMacClassBStopRxSlots
                0x00000000080096be        0x2 ./Middlewares/LoRaWAN/LoRaMacClassB.o
                0x00000000080096be                LoRaMacClassBStopRxSlots
 .text.LoRaMacClassBProcess
                0x00000000080096c0        0x2 ./Middlewares/LoRaWAN/LoRaMacClassB.o
                0x00000000080096c0                LoRaMacClassBProcess
 *fill*         0x00000000080096c2        0x2 
 .text.LoRaMacCommandsInit
                0x00000000080096c4       0x1c ./Middlewares/LoRaWAN/LoRaMacCommands.o
                0x00000000080096c4                LoRaMacCommandsInit
 .text.LoRaMacCommandsAddCmd
                0x00000000080096e0       0xa8 ./Middlewares/LoRaWAN/LoRaMacCommands.o
                0x00000000080096e0                LoRaMacCommandsAddCmd
 .text.LoRaMacCommandsRemoveCmd
                0x0000000008009788       0x54 ./Middlewares/LoRaWAN/LoRaMacCommands.o
                0x0000000008009788                LoRaMacCommandsRemoveCmd
 .text.LoRaMacCommandsGetCmd
                0x00000000080097dc       0x1c ./Middlewares/LoRaWAN/LoRaMacCommands.o
                0x00000000080097dc                LoRaMacCommandsGetCmd
 .text.LoRaMacCommandsRemoveNoneStickyCmds
                0x00000000080097f8       0x1c ./Middlewares/LoRaWAN/LoRaMacCommands.o
                0x00000000080097f8                LoRaMacCommandsRemoveNoneStickyCmds
 .text.LoRaMacCommandsRemoveStickyAnsCmds
                0x0000000008009814       0x24 ./Middlewares/LoRaWAN/LoRaMacCommands.o
                0x0000000008009814                LoRaMacCommandsRemoveStickyAnsCmds
 .text.LoRaMacCommandsGetSizeSerializedCmds
                0x0000000008009838       0x18 ./Middlewares/LoRaWAN/LoRaMacCommands.o
                0x0000000008009838                LoRaMacCommandsGetSizeSerializedCmds
 .text.LoRaMacCommandsSerializeCmds
                0x0000000008009850       0x64 ./Middlewares/LoRaWAN/LoRaMacCommands.o
                0x0000000008009850                LoRaMacCommandsSerializeCmds
 .text.LoRaMacCommandsGetCmdSize
                0x00000000080098b4       0x14 ./Middlewares/LoRaWAN/LoRaMacCommands.o
                0x00000000080098b4                LoRaMacCommandsGetCmdSize
 .text.GetElement.constprop.0
                0x00000000080098c8       0x38 ./Middlewares/LoRaWAN/LoRaMacConfirmQueue.o
 .text.LoRaMacConfirmQueueInit
                0x0000000008009900       0x28 ./Middlewares/LoRaWAN/LoRaMacConfirmQueue.o
                0x0000000008009900                LoRaMacConfirmQueueInit
 .text.LoRaMacConfirmQueueAdd
                0x0000000008009928       0x40 ./Middlewares/LoRaWAN/LoRaMacConfirmQueue.o
                0x0000000008009928                LoRaMacConfirmQueueAdd
 .text.LoRaMacConfirmQueueRemoveFirst
                0x0000000008009968       0x2c ./Middlewares/LoRaWAN/LoRaMacConfirmQueue.o
                0x0000000008009968                LoRaMacConfirmQueueRemoveFirst
 .text.LoRaMacConfirmQueueSetStatus
                0x0000000008009994       0x24 ./Middlewares/LoRaWAN/LoRaMacConfirmQueue.o
                0x0000000008009994                LoRaMacConfirmQueueSetStatus
 .text.LoRaMacConfirmQueueGetStatus
                0x00000000080099b8       0x20 ./Middlewares/LoRaWAN/LoRaMacConfirmQueue.o
                0x00000000080099b8                LoRaMacConfirmQueueGetStatus
 .text.LoRaMacConfirmQueueSetStatusCmn
                0x00000000080099d8       0x34 ./Middlewares/LoRaWAN/LoRaMacConfirmQueue.o
                0x00000000080099d8                LoRaMacConfirmQueueSetStatusCmn
 .text.LoRaMacConfirmQueueIsCmdActive
                0x0000000008009a0c       0x18 ./Middlewares/LoRaWAN/LoRaMacConfirmQueue.o
                0x0000000008009a0c                LoRaMacConfirmQueueIsCmdActive
 .text.LoRaMacConfirmQueueHandleCb
                0x0000000008009a24       0x60 ./Middlewares/LoRaWAN/LoRaMacConfirmQueue.o
                0x0000000008009a24                LoRaMacConfirmQueueHandleCb
 .text.LoRaMacConfirmQueueGetCnt
                0x0000000008009a84        0xc ./Middlewares/LoRaWAN/LoRaMacConfirmQueue.o
                0x0000000008009a84                LoRaMacConfirmQueueGetCnt
 .text.LoRaMacConfirmQueueIsFull
                0x0000000008009a90       0x14 ./Middlewares/LoRaWAN/LoRaMacConfirmQueue.o
                0x0000000008009a90                LoRaMacConfirmQueueIsFull
 .text.DeriveSessionKey10x
                0x0000000008009aa4       0x46 ./Middlewares/LoRaWAN/LoRaMacCrypto.o
 .text.PayloadEncrypt
                0x0000000008009aea       0xb6 ./Middlewares/LoRaWAN/LoRaMacCrypto.o
 .text.GetLastFcntDown.constprop.0
                0x0000000008009ba0       0x3c ./Middlewares/LoRaWAN/LoRaMacCrypto.o
 .text.VerifyCmacB0.constprop.0.isra.0
                0x0000000008009bdc       0x8a ./Middlewares/LoRaWAN/LoRaMacCrypto.o
 *fill*         0x0000000008009c66        0x2 
 .text.LoRaMacCryptoInit
                0x0000000008009c68       0x38 ./Middlewares/LoRaWAN/LoRaMacCrypto.o
                0x0000000008009c68                LoRaMacCryptoInit
 .text.LoRaMacCryptoSetLrWanVersion
                0x0000000008009ca0       0x10 ./Middlewares/LoRaWAN/LoRaMacCrypto.o
                0x0000000008009ca0                LoRaMacCryptoSetLrWanVersion
 .text.LoRaMacCryptoGetFCntUp
                0x0000000008009cb0       0x18 ./Middlewares/LoRaWAN/LoRaMacCrypto.o
                0x0000000008009cb0                LoRaMacCryptoGetFCntUp
 .text.LoRaMacCryptoGetFCntDown
                0x0000000008009cc8       0x64 ./Middlewares/LoRaWAN/LoRaMacCrypto.o
                0x0000000008009cc8                LoRaMacCryptoGetFCntDown
 .text.LoRaMacCryptoSetMulticastReference
                0x0000000008009d2c       0x18 ./Middlewares/LoRaWAN/LoRaMacCrypto.o
                0x0000000008009d2c                LoRaMacCryptoSetMulticastReference
 .text.LoRaMacCryptoPrepareJoinRequest
                0x0000000008009d44       0x50 ./Middlewares/LoRaWAN/LoRaMacCrypto.o
                0x0000000008009d44                LoRaMacCryptoPrepareJoinRequest
 .text.LoRaMacCryptoSecureMessage
                0x0000000008009d94       0xcc ./Middlewares/LoRaWAN/LoRaMacCrypto.o
                0x0000000008009d94                LoRaMacCryptoSecureMessage
 .text.LoRaMacCryptoUnsecureMessage
                0x0000000008009e60       0xe0 ./Middlewares/LoRaWAN/LoRaMacCrypto.o
                0x0000000008009e60                LoRaMacCryptoUnsecureMessage
 .text.LoRaMacCryptoDeriveLifeTimeKey
                0x0000000008009f40       0x44 ./Middlewares/LoRaWAN/LoRaMacCrypto.o
                0x0000000008009f40                LoRaMacCryptoDeriveLifeTimeKey
 .text.LoRaMacCryptoSetKey
                0x0000000008009f84       0x38 ./Middlewares/LoRaWAN/LoRaMacCrypto.o
                0x0000000008009f84                LoRaMacCryptoSetKey
 .text.LoRaMacCryptoHandleJoinAccept
                0x0000000008009fbc       0xfc ./Middlewares/LoRaWAN/LoRaMacCrypto.o
                0x0000000008009fbc                LoRaMacCryptoHandleJoinAccept
 .text.LoRaMacParserJoinAccept
                0x000000000800a0b8       0x9c ./Middlewares/LoRaWAN/LoRaMacParser.o
                0x000000000800a0b8                LoRaMacParserJoinAccept
 .text.LoRaMacParserData
                0x000000000800a154       0xb6 ./Middlewares/LoRaWAN/LoRaMacParser.o
                0x000000000800a154                LoRaMacParserData
 .text.LoRaMacSerializerJoinRequest
                0x000000000800a20a       0x68 ./Middlewares/LoRaWAN/LoRaMacSerializer.o
                0x000000000800a20a                LoRaMacSerializerJoinRequest
 .text.LoRaMacSerializerData
                0x000000000800a272       0xd8 ./Middlewares/LoRaWAN/LoRaMacSerializer.o
                0x000000000800a272                LoRaMacSerializerData
 *fill*         0x000000000800a34a        0x2 
 .text.NvmDataMgmtEvent
                0x000000000800a34c       0x10 ./Middlewares/LoRaWAN/NvmDataMgmt.o
                0x000000000800a34c                NvmDataMgmtEvent
 .text.NvmDataMgmtStoreBegin
                0x000000000800a35c       0x24 ./Middlewares/LoRaWAN/NvmDataMgmt.o
                0x000000000800a35c                NvmDataMgmtStoreBegin
 .text.NvmDataMgmtStoreEnd
                0x000000000800a380       0x14 ./Middlewares/LoRaWAN/NvmDataMgmt.o
                0x000000000800a380                NvmDataMgmtStoreEnd
 .text.RegionIsActive
                0x000000000800a394        0xe ./Middlewares/LoRaWAN/Region.o
                0x000000000800a394                RegionIsActive
 .text.RegionGetPhyParam
                0x000000000800a3a2       0x1e ./Middlewares/LoRaWAN/Region.o
                0x000000000800a3a2                RegionGetPhyParam
 .text.RegionSetBandTxDone
                0x000000000800a3c0       0x14 ./Middlewares/LoRaWAN/Region.o
                0x000000000800a3c0                RegionSetBandTxDone
 .text.RegionInitDefaults
                0x000000000800a3d4       0x14 ./Middlewares/LoRaWAN/Region.o
                0x000000000800a3d4                RegionInitDefaults
 .text.RegionVerify
                0x000000000800a3e8       0x18 ./Middlewares/LoRaWAN/Region.o
                0x000000000800a3e8                RegionVerify
 .text.RegionApplyCFList
                0x000000000800a400       0x14 ./Middlewares/LoRaWAN/Region.o
                0x000000000800a400                RegionApplyCFList
 .text.RegionChanMaskSet
                0x000000000800a414       0x16 ./Middlewares/LoRaWAN/Region.o
                0x000000000800a414                RegionChanMaskSet
 .text.RegionComputeRxWindowParameters
                0x000000000800a42a       0x22 ./Middlewares/LoRaWAN/Region.o
                0x000000000800a42a                RegionComputeRxWindowParameters
 .text.RegionRxConfig
                0x000000000800a44c       0x18 ./Middlewares/LoRaWAN/Region.o
                0x000000000800a44c                RegionRxConfig
 .text.RegionTxConfig
                0x000000000800a464       0x22 ./Middlewares/LoRaWAN/Region.o
                0x000000000800a464                RegionTxConfig
 .text.RegionLinkAdrReq
                0x000000000800a486       0x2a ./Middlewares/LoRaWAN/Region.o
                0x000000000800a486                RegionLinkAdrReq
 .text.RegionRxParamSetupReq
                0x000000000800a4b0       0x16 ./Middlewares/LoRaWAN/Region.o
                0x000000000800a4b0                RegionRxParamSetupReq
 .text.RegionNewChannelReq
                0x000000000800a4c6       0x16 ./Middlewares/LoRaWAN/Region.o
                0x000000000800a4c6                RegionNewChannelReq
 .text.RegionTxParamSetupReq
                0x000000000800a4dc       0x16 ./Middlewares/LoRaWAN/Region.o
                0x000000000800a4dc                RegionTxParamSetupReq
 .text.RegionDlChannelReq
                0x000000000800a4f2       0x16 ./Middlewares/LoRaWAN/Region.o
                0x000000000800a4f2                RegionDlChannelReq
 .text.RegionAlternateDr
                0x000000000800a508       0x18 ./Middlewares/LoRaWAN/Region.o
                0x000000000800a508                RegionAlternateDr
 .text.RegionNextChannel
                0x000000000800a520       0x24 ./Middlewares/LoRaWAN/Region.o
                0x000000000800a520                RegionNextChannel
 .text.RegionSetContinuousWave
                0x000000000800a544       0x14 ./Middlewares/LoRaWAN/Region.o
                0x000000000800a544                RegionSetContinuousWave
 .text.RegionApplyDrOffset
                0x000000000800a558       0x22 ./Middlewares/LoRaWAN/Region.o
                0x000000000800a558                RegionApplyDrOffset
 *fill*         0x000000000800a57a        0x2 
 .text.RegionGetVersion
                0x000000000800a57c        0x8 ./Middlewares/LoRaWAN/Region.o
                0x000000000800a57c                RegionGetVersion
 .text.VerifyRfFreq
                0x000000000800a584       0x28 ./Middlewares/LoRaWAN/RegionAS923.o
 .text.GetTimeOnAir
                0x000000000800a5ac       0x54 ./Middlewares/LoRaWAN/RegionAS923.o
 .text.RegionAS923GetPhyParam
                0x000000000800a600      0x174 ./Middlewares/LoRaWAN/RegionAS923.o
                0x000000000800a600                RegionAS923GetPhyParam
 .text.RegionAS923SetBandTxDone
                0x000000000800a774       0x38 ./Middlewares/LoRaWAN/RegionAS923.o
                0x000000000800a774                RegionAS923SetBandTxDone
 .text.RegionAS923InitDefaults
                0x000000000800a7ac       0xa8 ./Middlewares/LoRaWAN/RegionAS923.o
                0x000000000800a7ac                RegionAS923InitDefaults
 .text.RegionAS923Verify
                0x000000000800a854       0x56 ./Middlewares/LoRaWAN/RegionAS923.o
                0x000000000800a854                RegionAS923Verify
 *fill*         0x000000000800a8aa        0x2 
 .text.RegionAS923ChanMaskSet
                0x000000000800a8ac       0x3c ./Middlewares/LoRaWAN/RegionAS923.o
                0x000000000800a8ac                RegionAS923ChanMaskSet
 .text.RegionAS923ComputeRxWindowParameters
                0x000000000800a8e8       0x64 ./Middlewares/LoRaWAN/RegionAS923.o
                0x000000000800a8e8                RegionAS923ComputeRxWindowParameters
 .text.RegionAS923RxConfig
                0x000000000800a94c       0xf0 ./Middlewares/LoRaWAN/RegionAS923.o
                0x000000000800a94c                RegionAS923RxConfig
 .text.RegionAS923TxConfig
                0x000000000800aa3c      0x118 ./Middlewares/LoRaWAN/RegionAS923.o
                0x000000000800aa3c                RegionAS923TxConfig
 .text.RegionAS923LinkAdrReq
                0x000000000800ab54      0x170 ./Middlewares/LoRaWAN/RegionAS923.o
                0x000000000800ab54                RegionAS923LinkAdrReq
 .text.RegionAS923RxParamSetupReq
                0x000000000800acc4       0x36 ./Middlewares/LoRaWAN/RegionAS923.o
                0x000000000800acc4                RegionAS923RxParamSetupReq
 .text.RegionAS923TxParamSetupReq
                0x000000000800acfa        0x4 ./Middlewares/LoRaWAN/RegionAS923.o
                0x000000000800acfa                RegionAS923TxParamSetupReq
 *fill*         0x000000000800acfe        0x2 
 .text.RegionAS923DlChannelReq
                0x000000000800ad00       0x44 ./Middlewares/LoRaWAN/RegionAS923.o