C:/Users/User/STM32CubeIDE/workspace_1.14.0/LoRaWAN_End_Node/LoRaWAN/App/lora_app.c:770:13:OnSysTimeUpdate	0	static
C:/Users/User/STM32CubeIDE/workspace_1.14.0/LoRaWAN_End_Node/LoRaWAN/App/lora_app.c:818:13:OnTxFrameCtrlChanged	0	static
C:/Users/User/STM32CubeIDE/workspace_1.14.0/LoRaWAN_End_Node/LoRaWAN/App/lora_app.c:829:13:OnPingSlotPeriodicityChanged	0	static
C:/Users/User/STM32CubeIDE/workspace_1.14.0/LoRaWAN_End_Node/LoRaWAN/App/lora_app.c:735:13:OnBeaconStatusChange	72	static
C:/Users/User/STM32CubeIDE/workspace_1.14.0/LoRaWAN_End_Node/LoRaWAN/App/lora_app.c:777:13:OnClassChange	16	static
C:/Users/User/STM32CubeIDE/workspace_1.14.0/LoRaWAN_End_Node/LoRaWAN/App/lora_app.c:929:13:OnNvmDataChange	8	static
C:/Users/User/STM32CubeIDE/workspace_1.14.0/LoRaWAN_End_Node/LoRaWAN/App/lora_app.c:644:13:OnTxTimerEvent	8	static
C:/Users/User/STM32CubeIDE/workspace_1.14.0/LoRaWAN_End_Node/LoRaWAN/App/lora_app.c:784:13:OnMacProcessNotify	8	static
C:/Users/User/STM32CubeIDE/workspace_1.14.0/LoRaWAN_End_Node/LoRaWAN/App/lora_app.c:840:13:OnSystemReset	8	static,ignoring_inline_asm
C:/Users/User/STM32CubeIDE/workspace_1.14.0/LoRaWAN_End_Node/LoRaWAN/App/lora_app.c:796:13:OnTxPeriodicityChanged	8	static
C:/Users/User/STM32CubeIDE/workspace_1.14.0/LoRaWAN_End_Node/LoRaWAN/App/lora_app.c:676:13:OnTxData	24	static
C:/Users/User/STM32CubeIDE/workspace_1.14.0/LoRaWAN_End_Node/LoRaWAN/App/lora_app.c:705:13:OnJoinRequest	16	static
C:/Users/User/STM32CubeIDE/workspace_1.14.0/LoRaWAN_End_Node/LoRaWAN/App/lora_app.c:891:13:OnStopJoinTimerEvent	8	static
C:/Users/User/STM32CubeIDE/workspace_1.14.0/LoRaWAN_End_Node/LoRaWAN/App/lora_app.c:664:13:OnRxTimerLedEvent	8	static
C:/Users/User/STM32CubeIDE/workspace_1.14.0/LoRaWAN_End_Node/LoRaWAN/App/lora_app.c:659:13:OnTxTimerLedEvent	8	static
C:/Users/User/STM32CubeIDE/workspace_1.14.0/LoRaWAN_End_Node/LoRaWAN/App/lora_app.c:503:13:OnRxData	40	static
C:/Users/User/STM32CubeIDE/workspace_1.14.0/LoRaWAN_End_Node/LoRaWAN/App/lora_app.c:947:13:OnStoreContextRequest	16	static
C:/Users/User/STM32CubeIDE/workspace_1.14.0/LoRaWAN_End_Node/LoRaWAN/App/lora_app.c:962:13:OnRestoreContextRequest	8	static
C:/Users/User/STM32CubeIDE/workspace_1.14.0/LoRaWAN_End_Node/LoRaWAN/App/lora_app.c:854:13:StopJoin	16	static
C:/Users/User/STM32CubeIDE/workspace_1.14.0/LoRaWAN_End_Node/LoRaWAN/App/lora_app.c:907:13:StoreContext	8	static
C:/Users/User/STM32CubeIDE/workspace_1.14.0/LoRaWAN_End_Node/LoRaWAN/App/lora_app.c:583:6:SendTxData	24	static
C:/Users/User/STM32CubeIDE/workspace_1.14.0/LoRaWAN_End_Node/LoRaWAN/App/lora_app.c:669:13:OnJoinTimerLedEvent	8	static
C:/Users/User/STM32CubeIDE/workspace_1.14.0/LoRaWAN_End_Node/LoRaWAN/App/lora_app.c:367:6:LoRaWAN_Init	48	static
C:/Users/User/STM32CubeIDE/workspace_1.14.0/LoRaWAN_End_Node/LoRaWAN/App/lora_app.c:462:6:HAL_GPIO_EXTI_Callback	8	static
